Archive member included to satisfy reference by file (symbol)

cpu/br28/liba/cpu.a(crc16.c.o)
                              obj/Release/cpu/br28/setup.o (symbol from plugin) (__crc16_mutex_init)
cpu/br28/liba/cpu.a(uart.c.o)
                              obj/Release/apps/common/audio/wm8978/iic.o (symbol from plugin) (delay)
cpu/br28/liba/cpu.a(clock.c.o)
                              obj/Release/cpu/br28/audio_link.o (symbol from plugin) (clock_get_pll_target_frequency)
cpu/br28/liba/cpu.a(gpio.c.o)
                              obj/Release/apps/common/device/usb/usb_config.o (symbol from plugin) (usb_iomode)
cpu/br28/liba/cpu.a(timer.c.o)
                              obj/Release/cpu/br28/charge.o (symbol from plugin) (udelay)
cpu/br28/liba/cpu.a(usb.c.o)  obj/Release/apps/common/device/usb/usb_config.o (symbol from plugin) (usb_sofie_enable)
cpu/br28/liba/cpu.a(wdt.c.o)  obj/Release/apps/soundbox/common/init.o (symbol from plugin) (wdt_close)
cpu/br28/liba/cpu.a(efuse.c.o)
                              obj/Release/cpu/br28/charge.o (symbol from plugin) (get_vbat_trim)
cpu/br28/liba/cpu.a(encryption.c.o)
                              obj/Release/apps/common/config/new_cfg_tool.o (symbol from plugin) (doe)
cpu/br28/liba/cpu.a(debug.c.o)
                              obj/Release/cpu/br28/setup.o (symbol from plugin) (debug_init)
cpu/br28/liba/cpu.a(sfc_spi.c.o)
                              clock.c.o (symbol from plugin) (sfc1_suspend)
cpu/br28/liba/cpu.a(dma_copy.c.o)
                              debug.c.o (symbol from plugin) (dma_memcpy_wait_idle)
cpu/br28/liba/cpu.a(cache.c.o)
                              dma_copy.c.o (symbol from plugin) (DcuFlushinvAll)
cpu/br28/liba/cpu.a(vm.c.o)   clock.c.o (symbol from plugin) (sfc_suspend)
cpu/br28/liba/cpu.a(vm_api.c.o)
                              obj/Release/apps/common/music/breakpoint.o (symbol from plugin) (vm_api_write_mult)
cpu/br28/liba/cpu.a(debug_record.c.o)
                              debug.c.o (symbol from plugin) (debug_exception_record)
cpu/br28/liba/cpu.a(driver_record.c.o)
                              debug_record.c.o (symbol from plugin) (drvier_record_enable)
cpu/br28/liba/cpu.a(system_record.c.o)
                              debug_record.c.o (symbol from plugin) (system_record_enable)
cpu/br28/liba/cpu.a(power_driver.c.o)
                              obj/Release/cpu/br28/setup.o (symbol from plugin) (p11_init)
cpu/br28/liba/cpu.a(poweroff_reboot.c.o)
                              power_driver.c.o (symbol from plugin) (deepsleep_pre)
cpu/br28/liba/cpu.a(rtc.c.o)  power_driver.c.o (symbol from plugin) (poweroff_save_rtc_time)
cpu/br28/liba/cpu.a(power_trim.c.o)
                              obj/Release/cpu/br28/power/power_trim.o (symbol from plugin) (get_wvdd_trim_level)
cpu/br28/liba/cpu.a(lp_ipc.c.o)
                              power_driver.c.o (symbol from plugin) (msys_to_p11_common_cmd)
cpu/br28/liba/cpu.a(power_reset.c.o)
                              obj/Release/cpu/br28/setup.o (symbol from plugin) (reset_source_dump)
cpu/br28/liba/cpu.a(power_compat.c.o)
                              obj/Release/apps/soundbox/power_manage/app_charge.o (symbol from plugin) (cpu_reset_by_soft)
cpu/br28/liba/cpu.a(power_wakeup.c.o)
                              obj/Release/apps/soundbox/board/br28/board_jl701n_wireless_2t1_duplex/board_jl701n_wireless_2t1_duplex.o (symbol from plugin) (power_wakeup_init)
cpu/br28/liba/cpu.a(p33.c.o)  power_wakeup.c.o (symbol from plugin) (P33_DUMP_WKUP)
cpu/br28/liba/cpu.a(reset.c.o)
                              power_reset.c.o (symbol from plugin) (hw_p33_reset_source_dump)
cpu/br28/liba/cpu.a(p33_io.c.o)
                              power_wakeup.c.o (symbol from plugin) (hw_power_set_wakeup_io)
cpu/br28/liba/cpu.a(port.c.o)
                              obj/Release/cpu/br28/power/power_port.o (symbol from plugin) (port_protect)
cpu/br28/liba/cpu.a(lrc.c.o)  obj/Release/cpu/br28/pwm_led.o (symbol from plugin) (__get_lrc_hz)
cpu/br28/liba/cpu.a(poff_bk.c.o)
                              power_driver.c.o (symbol from plugin) (hw_rom_periph_enter_deepsleep)
cpu/br28/liba/cpu.a(lptmr.c.o)
                              power_driver.c.o (symbol from plugin) (__lp_timer_dump)
cpu/br28/liba/cpu.a(power_analog.c.o)
                              power_driver.c.o (symbol from plugin) (__hw_power_init)
cpu/br28/liba/cpu.a(power_clock.c.o)
                              power_driver.c.o (symbol from plugin) (is_lowpower_anc_active)
cpu/br28/liba/cpu.a(power_sfc.c.o)
                              power_driver.c.o (symbol from plugin) (hw_flash_pwr_en)
cpu/br28/liba/cpu.a(sdx_dev.c.o)
                              obj/Release/apps/soundbox/common/dev_status.o (symbol from plugin) (sd_dev_ops)
cpu/br28/liba/cpu.a(sdx_driver.c.o)
                              sdx_dev.c.o (symbol from plugin) (sdx_init_card)
cpu/br28/liba/cpu.a(sdx_source.c.o)
[...]
Memory Configuration

Name             Origin             Length             Attributes
code0            0x06000100         0x00200000         xr
ram0             0x00100000         0x0009fb80         xrw
*default*        0x00000000         0xffffffff

Linker script and memory map

LOAD obj/Release/apps/common/audio/amplitude_statistic.o
LOAD cpu\br28\tools\sdk.elf.o
LOAD obj/Release/apps/common/audio/audio_digital_vol.o
LOAD obj/Release/apps/common/audio/audio_export_demo.o
LOAD obj/Release/apps/common/audio/audio_utils.o
LOAD obj/Release/apps/common/audio/decode/audio_key_tone.o
LOAD obj/Release/apps/common/audio/decode/decode.o
LOAD obj/Release/apps/common/audio/demo/audio_mic_enc_dec_demo.o
LOAD obj/Release/apps/common/audio/encode/encode_write_file.o
LOAD obj/Release/apps/common/audio/live_audio/capture_synchronize.o
LOAD obj/Release/apps/common/audio/live_audio/live_audio_buffer.o
LOAD obj/Release/apps/common/audio/live_audio/live_audio_capture.o
LOAD obj/Release/apps/common/audio/live_audio/live_audio_effect.o
LOAD obj/Release/apps/common/audio/live_audio/live_audio_mixer.o
LOAD obj/Release/apps/common/audio/live_audio/live_audio_player.o
LOAD obj/Release/apps/common/audio/live_audio/live_stream_encoder.o
LOAD obj/Release/apps/common/audio/live_audio/pcm_capture_buffer.o
LOAD obj/Release/apps/common/audio/online_debug/aud_mic_dut.o
LOAD obj/Release/apps/common/audio/online_debug/audio_online_debug.o
LOAD obj/Release/apps/common/audio/sine_make.o
LOAD obj/Release/apps/common/audio/stream/stream_entry.o
LOAD obj/Release/apps/common/audio/stream/stream_llns.o
LOAD obj/Release/apps/common/audio/stream/stream_src.o
LOAD obj/Release/apps/common/audio/stream/stream_sync.o
LOAD obj/Release/apps/common/audio/uartPcmSender.o
LOAD obj/Release/apps/common/audio/wm8978/iic.o
LOAD obj/Release/apps/common/audio/wm8978/wm8978.o
LOAD obj/Release/apps/common/bt_common/bt_test_api.o
LOAD obj/Release/apps/common/charge_box/chargeIc_manage.o
LOAD obj/Release/apps/common/charge_box/chgbox_box.o
LOAD obj/Release/apps/common/charge_box/chgbox_ctrl.o
LOAD obj/Release/apps/common/charge_box/chgbox_det.o
LOAD obj/Release/apps/common/charge_box/chgbox_handshake.o
LOAD obj/Release/apps/common/charge_box/chgbox_ui.o
LOAD obj/Release/apps/common/charge_box/chgbox_ui_drv_pwmled.o
LOAD obj/Release/apps/common/charge_box/chgbox_ui_drv_timer.o
LOAD obj/Release/apps/common/charge_box/chgbox_wireless.o
LOAD obj/Release/apps/common/config/app_config.o
LOAD obj/Release/apps/common/config/bt_profile_config.o
LOAD obj/Release/apps/common/config/ci_transport_uart.o
LOAD obj/Release/apps/common/config/new_cfg_tool.o
LOAD obj/Release/apps/common/debug/debug.o
LOAD obj/Release/apps/common/debug/debug_lite.o
LOAD obj/Release/apps/common/dev_manager/dev_manager.o
LOAD obj/Release/apps/common/dev_manager/dev_reg.o
LOAD obj/Release/apps/common/dev_manager/dev_update.o
LOAD obj/Release/apps/common/device/bmp280/bmp280.o
LOAD obj/Release/apps/common/device/detection.o
LOAD obj/Release/apps/common/device/fm/bk1080/Bk1080.o
LOAD obj/Release/apps/common/device/fm/fm_inside/fm_inside.o
LOAD obj/Release/apps/common/device/fm/fm_manage.o
LOAD obj/Release/apps/common/device/fm/qn8035/QN8035.o
LOAD obj/Release/apps/common/device/fm/rda5807/RDA5807.o
LOAD obj/Release/apps/common/device/fm_emitter/ac3433/ac3433.o
LOAD obj/Release/apps/common/device/fm_emitter/fm_emitter_manage.o
LOAD obj/Release/apps/common/device/fm_emitter/fm_inside/fm_emitter_inside.o
LOAD obj/Release/apps/common/device/fm_emitter/qn8007/qn8007.o
LOAD obj/Release/apps/common/device/fm_emitter/qn8027/qn8027.o
LOAD obj/Release/apps/common/device/gps/atk1218_bd.o
LOAD obj/Release/apps/common/device/gSensor/da230.o
LOAD obj/Release/apps/common/device/gSensor/gSensor_manage.o
LOAD obj/Release/apps/common/device/gSensor/SC7A20.o
LOAD obj/Release/apps/common/device/key/adkey.o
LOAD obj/Release/apps/common/device/key/adkey_rtcvdd.o
LOAD obj/Release/apps/common/device/key/ctmu_touch_key.o
LOAD obj/Release/apps/common/device/key/iokey.o
LOAD obj/Release/apps/common/device/key/irkey.o
LOAD obj/Release/apps/common/device/key/key_driver.o
LOAD obj/Release/apps/common/device/key/rdec_key.o
LOAD obj/Release/apps/common/device/key/slidekey.o
LOAD obj/Release/apps/common/device/key/touch_key.o
LOAD obj/Release/apps/common/device/max30102/algorithm.o
LOAD obj/Release/apps/common/device/max30102/max30102.o
LOAD obj/Release/apps/common/device/norflash/norflash.o
LOAD obj/Release/apps/common/device/qmc5883/qmc5883.o
LOAD obj/Release/apps/common/device/usb/device/cdc.o
LOAD obj/Release/apps/common/device/usb/device/custom_hid.o
LOAD obj/Release/apps/common/device/usb/device/descriptor.o
LOAD obj/Release/apps/common/device/usb/device/hid.o
LOAD obj/Release/apps/common/device/usb/device/msd.o
LOAD obj/Release/apps/common/device/usb/device/msd_upgrade.o
LOAD obj/Release/apps/common/device/usb/device/rcsp_hid_inter.o
LOAD obj/Release/apps/common/device/usb/device/task_pc.o
LOAD obj/Release/apps/common/device/usb/device/uac1.o
LOAD obj/Release/apps/common/device/usb/device/uac_stream.o
LOAD obj/Release/apps/common/device/usb/device/usb_device.o
LOAD obj/Release/apps/common/device/usb/device/user_setup.o
LOAD obj/Release/apps/common/device/usb/host/adb.o
LOAD obj/Release/apps/common/device/usb/host/aoa.o
LOAD obj/Release/apps/common/device/usb/host/apple_mfi.o
LOAD obj/Release/apps/common/device/usb/host/audio.o
LOAD obj/Release/apps/common/device/usb/host/audio_demo.o
LOAD obj/Release/apps/common/device/usb/host/hid.o
LOAD obj/Release/apps/common/device/usb/host/usb_bulk_transfer.o
LOAD obj/Release/apps/common/device/usb/host/usb_ctrl_transfer.o
LOAD obj/Release/apps/common/device/usb/host/usb_host.o
LOAD obj/Release/apps/common/device/usb/host/usb_storage.o
LOAD obj/Release/apps/common/device/usb/usb_config.o
LOAD obj/Release/apps/common/device/usb/usb_host_config.o
LOAD obj/Release/apps/common/fat_nor/cfg_private.o
LOAD obj/Release/apps/common/fat_nor/nandflash_ftl.o
LOAD obj/Release/apps/common/fat_nor/nor_fs.o
LOAD obj/Release/apps/common/fat_nor/phone_rec_fs.o
LOAD obj/Release/apps/common/fat_nor/virfat_flash.o
LOAD obj/Release/apps/common/file_operate/file_api.o
LOAD obj/Release/apps/common/file_operate/file_bs_deal.o
LOAD obj/Release/apps/common/file_operate/file_manager.o
LOAD obj/Release/apps/common/iap/iAP_des.o
LOAD obj/Release/apps/common/iap/iAP_device.o
LOAD obj/Release/apps/common/iap/iAP_iic.o
LOAD obj/Release/apps/common/music/breakpoint.o
LOAD obj/Release/apps/common/music/general_player.o
LOAD obj/Release/apps/common/music/music_decrypt.o
LOAD obj/Release/apps/common/music/music_id3.o
LOAD obj/Release/apps/common/music/music_player.o
LOAD obj/Release/apps/common/rec_nor/nor_interface.o
LOAD obj/Release/apps/common/rec_nor/nor_rec_fs.o
LOAD obj/Release/apps/common/temp_trim/dtemp_pll_trim.o
LOAD obj/Release/apps/common/third_party_profile/common/3th_profile_api.o
LOAD obj/Release/apps/common/third_party_profile/common/custom_cfg.o
LOAD obj/Release/apps/common/third_party_profile/common/mic_rec.o
LOAD obj/Release/apps/common/third_party_profile/interface/app_protocol_api.o
LOAD obj/Release/apps/common/third_party_profile/interface/app_protocol_common.o
LOAD obj/Release/apps/common/third_party_profile/interface/app_protocol_dma.o
LOAD obj/Release/apps/common/third_party_profile/interface/app_protocol_gma.o
LOAD obj/Release/apps/common/third_party_profile/interface/app_protocol_mma.o
LOAD obj/Release/apps/common/third_party_profile/interface/app_protocol_ota.o
LOAD obj/Release/apps/common/third_party_profile/interface/app_protocol_tme.o
LOAD obj/Release/apps/common/third_party_profile/jieli/hid_user.o
LOAD obj/Release/apps/common/third_party_profile/jieli/le_client_demo.o
LOAD obj/Release/apps/common/third_party_profile/jieli/multi_demo/le_multi_client.o
LOAD obj/Release/apps/common/third_party_profile/jieli/multi_demo/le_multi_common.o
LOAD obj/Release/apps/common/third_party_profile/jieli/multi_demo/le_multi_trans.o
LOAD obj/Release/apps/common/third_party_profile/jieli/online_db/online_db_deal.o
LOAD obj/Release/apps/common/third_party_profile/jieli/online_db/spp_online_db.o
LOAD obj/Release/apps/common/third_party_profile/jieli/rcsp/adv/ble_rcsp_adv.o
LOAD obj/Release/apps/common/third_party_profile/jieli/rcsp/ble_rcsp_client.o
LOAD obj/Release/apps/common/third_party_profile/jieli/rcsp/ble_rcsp_multi_common.o
LOAD obj/Release/apps/common/third_party_profile/jieli/rcsp/ble_rcsp_server.o
LOAD obj/Release/apps/common/third_party_profile/jieli/rcsp/client_data_handle/rcsp_c_cmd_recieve.o
LOAD obj/Release/apps/common/third_party_profile/jieli/rcsp/client_data_handle/rcsp_c_cmd_recieve_no_response.o
LOAD obj/Release/apps/common/third_party_profile/jieli/rcsp/client_data_handle/rcsp_c_cmd_response.o
LOAD obj/Release/apps/common/third_party_profile/jieli/rcsp/client_data_handle/rcsp_m_update/rcsp_update_master.o
LOAD obj/Release/apps/common/third_party_profile/jieli/rcsp/rcsp_functions/rcsp.o
LOAD obj/Release/apps/common/third_party_profile/jieli/rcsp/rcsp_functions/rcsp_bt_manage.o
LOAD obj/Release/apps/common/third_party_profile/jieli/rcsp/rcsp_functions/rcsp_config.o
LOAD obj/Release/apps/common/third_party_profile/jieli/rcsp/rcsp_functions/rcsp_event.o
LOAD obj/Release/apps/common/third_party_profile/jieli/rcsp/rcsp_functions/rcsp_manage.o
LOAD obj/Release/apps/common/third_party_profile/jieli/rcsp/rcsp_functions/rcsp_task.o
LOAD obj/Release/apps/common/third_party_profile/jieli/rcsp/server_data_handle/function_modules/browser/rcsp_browser.o
LOAD obj/Release/apps/common/third_party_profile/jieli/rcsp/server_data_handle/function_modules/device_info/func_cmd/rcsp_bt_func.o
LOAD obj/Release/apps/common/third_party_profile/jieli/rcsp/server_data_handle/function_modules/device_info/func_cmd/rcsp_fm_func.o
LOAD obj/Release/apps/common/third_party_profile/jieli/rcsp/server_data_handle/function_modules/device_info/func_cmd/rcsp_linein_func.o
LOAD obj/Release/apps/common/third_party_profile/jieli/rcsp/server_data_handle/function_modules/device_info/func_cmd/rcsp_music_func.o
LOAD obj/Release/apps/common/third_party_profile/jieli/rcsp/server_data_handle/function_modules/device_info/func_cmd/rcsp_rtc_func.o
LOAD obj/Release/apps/common/third_party_profile/jieli/rcsp/server_data_handle/function_modules/device_info/rcsp_feature.o
LOAD obj/Release/apps/common/third_party_profile/jieli/rcsp/server_data_handle/function_modules/device_info/rcsp_function.o
LOAD obj/Release/apps/common/third_party_profile/jieli/rcsp/server_data_handle/function_modules/external_flash/rcsp_extra_flash_cmd.o
LOAD obj/Release/apps/common/third_party_profile/jieli/rcsp/server_data_handle/function_modules/external_flash/rcsp_extra_flash_opt.o
LOAD obj/Release/apps/common/third_party_profile/jieli/rcsp/server_data_handle/function_modules/file_transfer/dev_format.o
LOAD obj/Release/apps/common/third_party_profile/jieli/rcsp/server_data_handle/function_modules/file_transfer/file_bluk_trans_prepare.o
LOAD obj/Release/apps/common/third_party_profile/jieli/rcsp/server_data_handle/function_modules/file_transfer/file_delete.o
LOAD obj/Release/apps/common/third_party_profile/jieli/rcsp/server_data_handle/function_modules/file_transfer/file_env_prepare.o
LOAD obj/Release/apps/common/third_party_profile/jieli/rcsp/server_data_handle/function_modules/file_transfer/file_simple_transfer.o
LOAD obj/Release/apps/common/third_party_profile/jieli/rcsp/server_data_handle/function_modules/file_transfer/file_trans_back.o
LOAD obj/Release/apps/common/third_party_profile/jieli/rcsp/server_data_handle/function_modules/file_transfer/file_transfer.o
LOAD obj/Release/apps/common/third_party_profile/jieli/rcsp/server_data_handle/function_modules/rcsp_setting_opt/rcsp_adv_bluetooth.o
LOAD obj/Release/apps/common/third_party_profile/jieli/rcsp/server_data_handle/function_modules/rcsp_setting_opt/rcsp_setting/adv_anc_voice.o
LOAD obj/Release/apps/common/third_party_profile/jieli/rcsp/server_data_handle/function_modules/rcsp_setting_opt/rcsp_setting/adv_anc_voice_key.o
LOAD obj/Release/apps/common/third_party_profile/jieli/rcsp/server_data_handle/function_modules/rcsp_setting_opt/rcsp_setting/adv_bt_name_setting.o
LOAD obj/Release/apps/common/third_party_profile/jieli/rcsp/server_data_handle/function_modules/rcsp_setting_opt/rcsp_setting/adv_hearing_aid_setting.o
LOAD obj/Release/apps/common/third_party_profile/jieli/rcsp/server_data_handle/function_modules/rcsp_setting_opt/rcsp_setting/adv_key_setting.o
LOAD obj/Release/apps/common/third_party_profile/jieli/rcsp/server_data_handle/function_modules/rcsp_setting_opt/rcsp_setting/adv_led_setting.o
LOAD obj/Release/apps/common/third_party_profile/jieli/rcsp/server_data_handle/function_modules/rcsp_setting_opt/rcsp_setting/adv_mic_setting.o
LOAD obj/Release/apps/common/third_party_profile/jieli/rcsp/server_data_handle/function_modules/rcsp_setting_opt/rcsp_setting/adv_time_stamp_setting.o
LOAD obj/Release/apps/common/third_party_profile/jieli/rcsp/server_data_handle/function_modules/rcsp_setting_opt/rcsp_setting/adv_work_setting.o
LOAD obj/Release/apps/common/third_party_profile/jieli/rcsp/server_data_handle/function_modules/rcsp_setting_opt/rcsp_setting/rcsp_color_led_setting.o
LOAD obj/Release/apps/common/third_party_profile/jieli/rcsp/server_data_handle/function_modules/rcsp_setting_opt/rcsp_setting/rcsp_eq_setting.o
LOAD obj/Release/apps/common/third_party_profile/jieli/rcsp/server_data_handle/function_modules/rcsp_setting_opt/rcsp_setting/rcsp_high_low_vol_setting.o
LOAD obj/Release/apps/common/third_party_profile/jieli/rcsp/server_data_handle/function_modules/rcsp_setting_opt/rcsp_setting/rcsp_karaoke_eq_setting.o
LOAD obj/Release/apps/common/third_party_profile/jieli/rcsp/server_data_handle/function_modules/rcsp_setting_opt/rcsp_setting/rcsp_karaoke_setting.o
LOAD obj/Release/apps/common/third_party_profile/jieli/rcsp/server_data_handle/function_modules/rcsp_setting_opt/rcsp_setting/rcsp_misc_setting/rcsp_misc_drc_setting.o
LOAD obj/Release/apps/common/third_party_profile/jieli/rcsp/server_data_handle/function_modules/rcsp_setting_opt/rcsp_setting/rcsp_misc_setting/rcsp_misc_reverbration_setting.o
LOAD obj/Release/apps/common/third_party_profile/jieli/rcsp/server_data_handle/function_modules/rcsp_setting_opt/rcsp_setting/rcsp_misc_setting/rcsp_misc_setting.o
LOAD obj/Release/apps/common/third_party_profile/jieli/rcsp/server_data_handle/function_modules/rcsp_setting_opt/rcsp_setting/rcsp_music_info_setting.o
LOAD obj/Release/apps/common/third_party_profile/jieli/rcsp/server_data_handle/function_modules/rcsp_setting_opt/rcsp_setting/rcsp_vol_setting.o
LOAD obj/Release/apps/common/third_party_profile/jieli/rcsp/server_data_handle/function_modules/rcsp_setting_opt/rcsp_setting_opt.o
LOAD obj/Release/apps/common/third_party_profile/jieli/rcsp/server_data_handle/function_modules/rcsp_setting_opt/rcsp_setting_sync.o
LOAD obj/Release/apps/common/third_party_profile/jieli/rcsp/server_data_handle/function_modules/rcsp_switch_device.o
LOAD obj/Release/apps/common/third_party_profile/jieli/rcsp/server_data_handle/function_modules/rcsp_update/rcsp_ch_loader_download.o
LOAD obj/Release/apps/common/third_party_profile/jieli/rcsp/server_data_handle/function_modules/rcsp_update/rcsp_update.o
LOAD obj/Release/apps/common/third_party_profile/jieli/rcsp/server_data_handle/function_modules/rcsp_update/rcsp_update_tws.o
LOAD obj/Release/apps/common/third_party_profile/jieli/rcsp/server_data_handle/function_modules/sensors_data_opt/nfc_data_opt.o
LOAD obj/Release/apps/common/third_party_profile/jieli/rcsp/server_data_handle/function_modules/sensors_data_opt/sensor_log_notify.o
LOAD obj/Release/apps/common/third_party_profile/jieli/rcsp/server_data_handle/function_modules/sensors_data_opt/sensors_data_opt.o
LOAD obj/Release/apps/common/third_party_profile/jieli/rcsp/server_data_handle/function_modules/sensors_data_opt/sport_data_func.o
LOAD obj/Release/apps/common/third_party_profile/jieli/rcsp/server_data_handle/function_modules/sensors_data_opt/sport_data_info_opt/sport_info_bt_disconn.o
LOAD obj/Release/apps/common/third_party_profile/jieli/rcsp/server_data_handle/function_modules/sensors_data_opt/sport_data_info_opt/sport_info_continuous_heart_rate.o
LOAD obj/Release/apps/common/third_party_profile/jieli/rcsp/server_data_handle/function_modules/sensors_data_opt/sport_data_info_opt/sport_info_exercise_heart_rate.o
LOAD obj/Release/apps/common/third_party_profile/jieli/rcsp/server_data_handle/function_modules/sensors_data_opt/sport_data_info_opt/sport_info_fall_detection.o
LOAD obj/Release/apps/common/third_party_profile/jieli/rcsp/server_data_handle/function_modules/sensors_data_opt/sport_data_info_opt/sport_info_personal_info.o
LOAD obj/Release/apps/common/third_party_profile/jieli/rcsp/server_data_handle/function_modules/sensors_data_opt/sport_data_info_opt/sport_info_pressure_detection.o
LOAD obj/Release/apps/common/third_party_profile/jieli/rcsp/server_data_handle/function_modules/sensors_data_opt/sport_data_info_opt/sport_info_raise_wrist.o
LOAD obj/Release/apps/common/third_party_profile/jieli/rcsp/server_data_handle/function_modules/sensors_data_opt/sport_data_info_opt/sport_info_sedentary.o
LOAD obj/Release/apps/common/third_party_profile/jieli/rcsp/server_data_handle/function_modules/sensors_data_opt/sport_data_info_opt/sport_info_sensor_opt.o
LOAD obj/Release/apps/common/third_party_profile/jieli/rcsp/server_data_handle/function_modules/sensors_data_opt/sport_data_info_opt/sport_info_sleep_detection.o
LOAD obj/Release/apps/common/third_party_profile/jieli/rcsp/server_data_handle/function_modules/sensors_data_opt/sport_info_opt.o
LOAD obj/Release/apps/common/third_party_profile/jieli/rcsp/server_data_handle/function_modules/sensors_data_opt/sport_info_sync.o
LOAD obj/Release/apps/common/third_party_profile/jieli/rcsp/server_data_handle/function_modules/sensors_data_opt/sport_info_vm.o
LOAD obj/Release/apps/common/third_party_profile/jieli/rcsp/server_data_handle/function_modules/sensors_data_opt/sports_data_opt/sport_data_air_pressure.o
LOAD obj/Release/apps/common/third_party_profile/jieli/rcsp/server_data_handle/function_modules/sensors_data_opt/sports_data_opt/sport_data_altitude.o
LOAD obj/Release/apps/common/third_party_profile/jieli/rcsp/server_data_handle/function_modules/sensors_data_opt/sports_data_opt/sport_data_blood_oxygen.o
LOAD obj/Release/apps/common/third_party_profile/jieli/rcsp/server_data_handle/function_modules/sensors_data_opt/sports_data_opt/sport_data_exercise_recovery_time.o
LOAD obj/Release/apps/common/third_party_profile/jieli/rcsp/server_data_handle/function_modules/sensors_data_opt/sports_data_opt/sport_data_exercise_steps.o
LOAD obj/Release/apps/common/third_party_profile/jieli/rcsp/server_data_handle/function_modules/sensors_data_opt/sports_data_opt/sport_data_heart_rate.o
LOAD obj/Release/apps/common/third_party_profile/jieli/rcsp/server_data_handle/function_modules/sensors_data_opt/sports_data_opt/sport_data_max_oxygen_uptake.o
LOAD obj/Release/apps/common/third_party_profile/jieli/rcsp/server_data_handle/function_modules/sensors_data_opt/sports_data_opt/sport_data_pressure_detection.o
LOAD obj/Release/apps/common/third_party_profile/jieli/rcsp/server_data_handle/function_modules/sensors_data_opt/sports_data_opt/sport_data_sports_information.o
LOAD obj/Release/apps/common/third_party_profile/jieli/rcsp/server_data_handle/function_modules/sensors_data_opt/sports_data_opt/sport_data_training_load.o
LOAD obj/Release/apps/common/third_party_profile/jieli/rcsp/server_data_handle/rcsp_cmd_recieve.o
LOAD obj/Release/apps/common/third_party_profile/jieli/rcsp/server_data_handle/rcsp_cmd_recieve_no_respone.o
LOAD obj/Release/apps/common/third_party_profile/jieli/rcsp/server_data_handle/rcsp_cmd_respone.o
LOAD obj/Release/apps/common/third_party_profile/jieli/rcsp/server_data_handle/rcsp_cmd_user.o
LOAD obj/Release/apps/common/third_party_profile/jieli/rcsp/server_data_handle/rcsp_command.o
LOAD obj/Release/apps/common/third_party_profile/jieli/rcsp/server_data_handle/rcsp_data_recieve.o
LOAD obj/Release/apps/common/third_party_profile/jieli/rcsp/server_data_handle/rcsp_data_recieve_no_respone.o
LOAD obj/Release/apps/common/third_party_profile/jieli/rcsp/server_data_handle/rcsp_data_respone.o
LOAD obj/Release/apps/common/third_party_profile/jieli/trans_data_demo/le_trans_data.o
LOAD obj/Release/apps/common/third_party_profile/jieli/trans_data_demo/spp_trans_data.o
LOAD obj/Release/apps/common/ui/interface/ui_platform.o
LOAD obj/Release/apps/common/ui/interface/ui_pushScreen_manager.o
LOAD obj/Release/apps/common/ui/interface/ui_resources_manager.o
LOAD obj/Release/apps/common/ui/interface/ui_synthesis_manager.o
LOAD obj/Release/apps/common/ui/interface/ui_synthesis_oled.o
LOAD obj/Release/apps/common/ui/interface/watch_bgp.o
LOAD obj/Release/apps/common/ui/lcd1602/lcd1602a.o
LOAD obj/Release/apps/common/ui/lcd/lcd_ui_api.o
LOAD obj/Release/apps/common/ui/lcd_drive/lcd_mcu/lcd_mcu_JD5858_360x360.o
LOAD obj/Release/apps/common/ui/lcd_drive/lcd_rgb/lcd_rgb_st7789v_240x240.o
LOAD obj/Release/apps/common/ui/lcd_drive/lcd_spi/lcd_spi_rm69330_454x454.o
LOAD obj/Release/apps/common/ui/lcd_drive/lcd_spi/lcd_spi_sh8601a_454x454.o
LOAD obj/Release/apps/common/ui/lcd_drive/lcd_spi/lcd_spi_st7789v_240x240.o
LOAD obj/Release/apps/common/ui/lcd_drive/lcd_spi/oled_spi_ssd1306_128x64.o
LOAD obj/Release/apps/common/ui/lcd_drive/spi_oled_drive.o
LOAD obj/Release/apps/common/ui/lcd_simple/lcd_simple_api.o
LOAD obj/Release/apps/common/ui/lcd_simple/ui.o
LOAD obj/Release/apps/common/ui/lcd_simple/ui_mainmenu.o
LOAD obj/Release/apps/common/ui/led7/led7_ui_api.o
LOAD obj/Release/apps/common/update/norflash_ufw_update.o
LOAD obj/Release/apps/common/update/norflash_update.o
LOAD obj/Release/apps/common/update/testbox_update.o
LOAD obj/Release/apps/common/update/uart_update.o
LOAD obj/Release/apps/common/update/uart_update_master.o
LOAD obj/Release/apps/common/update/update.o
LOAD obj/Release/apps/common/wireless_dev_manager/wireless_dev_manager.o
LOAD obj/Release/apps/soundbox/aec/br28/audio_aec.o
LOAD obj/Release/apps/soundbox/aec/br28/audio_aec_demo.o
LOAD obj/Release/apps/soundbox/aec/br28/audio_aec_dms.o
LOAD obj/Release/apps/soundbox/aec/br28/audio_aec_online.o
LOAD obj/Release/apps/soundbox/app_cfg.o
LOAD obj/Release/apps/soundbox/app_main.o
LOAD obj/Release/apps/soundbox/board/br28/board_jl701n_btemitter/board_jl701n_btemitter.o
LOAD obj/Release/apps/soundbox/board/br28/board_jl701n_btemitter/key_table/adkey_table.o
LOAD obj/Release/apps/soundbox/board/br28/board_jl701n_btemitter/key_table/iokey_table.o
LOAD obj/Release/apps/soundbox/board/br28/board_jl701n_btemitter/key_table/irkey_table.o
LOAD obj/Release/apps/soundbox/board/br28/board_jl701n_btemitter/key_table/rdec_key_table.o
LOAD obj/Release/apps/soundbox/board/br28/board_jl701n_btemitter/key_table/touch_key_table.o
LOAD obj/Release/apps/soundbox/board/br28/board_jl701n_demo/board_jl701n_demo.o
LOAD obj/Release/apps/soundbox/board/br28/board_jl701n_demo/key_table/adkey_table.o
LOAD obj/Release/apps/soundbox/board/br28/board_jl701n_demo/key_table/iokey_table.o
LOAD obj/Release/apps/soundbox/board/br28/board_jl701n_demo/key_table/irkey_table.o
LOAD obj/Release/apps/soundbox/board/br28/board_jl701n_demo/key_table/rdec_key_table.o
LOAD obj/Release/apps/soundbox/board/br28/board_jl701n_demo/key_table/touch_key_table.o
LOAD obj/Release/apps/soundbox/board/br28/board_jl701n_smartbox/board_jl701n_smartbox.o
LOAD obj/Release/apps/soundbox/board/br28/board_jl701n_smartbox/key_table/adkey_table.o
LOAD obj/Release/apps/soundbox/board/br28/board_jl701n_smartbox/key_table/iokey_table.o
LOAD obj/Release/apps/soundbox/board/br28/board_jl701n_smartbox/key_table/irkey_table.o
LOAD obj/Release/apps/soundbox/board/br28/board_jl701n_smartbox/key_table/rdec_key_table.o
LOAD obj/Release/apps/soundbox/board/br28/board_jl701n_smartbox/key_table/touch_key_table.o
LOAD obj/Release/apps/soundbox/board/br28/board_jl701n_soundcard/board_jl701n_soundcard.o
LOAD obj/Release/apps/soundbox/board/br28/board_jl701n_soundcard/key_table/adkey_table.o
LOAD obj/Release/apps/soundbox/board/br28/board_jl701n_soundcard/key_table/iokey_table.o
LOAD obj/Release/apps/soundbox/board/br28/board_jl701n_soundcard/key_table/irkey_table.o
LOAD obj/Release/apps/soundbox/board/br28/board_jl701n_soundcard/key_table/rdec_key_table.o
LOAD obj/Release/apps/soundbox/board/br28/board_jl701n_soundcard/key_table/touch_key_table.o
LOAD obj/Release/apps/soundbox/board/br28/board_jl701n_test/board_jl701n_test.o
LOAD obj/Release/apps/soundbox/board/br28/board_jl701n_test/key_table/adkey_table.o
LOAD obj/Release/apps/soundbox/board/br28/board_jl701n_test/key_table/iokey_table.o
LOAD obj/Release/apps/soundbox/board/br28/board_jl701n_test/key_table/irkey_table.o
LOAD obj/Release/apps/soundbox/board/br28/board_jl701n_test/key_table/rdec_key_table.o
LOAD obj/Release/apps/soundbox/board/br28/board_jl701n_test/key_table/touch_key_table.o
LOAD obj/Release/apps/soundbox/board/br28/board_jl701n_tws_box/board_jl701n_tws_box.o
LOAD obj/Release/apps/soundbox/board/br28/board_jl701n_tws_box/key_table/adkey_table.o
LOAD obj/Release/apps/soundbox/board/br28/board_jl701n_tws_box/key_table/iokey_table.o
LOAD obj/Release/apps/soundbox/board/br28/board_jl701n_tws_box/key_table/irkey_table.o
LOAD obj/Release/apps/soundbox/board/br28/board_jl701n_tws_box/key_table/rdec_key_table.o
LOAD obj/Release/apps/soundbox/board/br28/board_jl701n_tws_box/key_table/touch_key_table.o
LOAD obj/Release/apps/soundbox/board/br28/board_jl701n_unisound/board_jl701n_unisound.o
LOAD obj/Release/apps/soundbox/board/br28/board_jl701n_unisound/key_table/adkey_table.o
LOAD obj/Release/apps/soundbox/board/br28/board_jl701n_unisound/key_table/iokey_table.o
LOAD obj/Release/apps/soundbox/board/br28/board_jl701n_unisound/key_table/irkey_table.o
LOAD obj/Release/apps/soundbox/board/br28/board_jl701n_unisound/key_table/rdec_key_table.o
LOAD obj/Release/apps/soundbox/board/br28/board_jl701n_unisound/key_table/touch_key_table.o
LOAD obj/Release/apps/soundbox/board/br28/board_jl701n_wireless_1tN/board_jl701n_wireless_1tN.o
LOAD obj/Release/apps/soundbox/board/br28/board_jl701n_wireless_1tN/key_table/adkey_table.o
LOAD obj/Release/apps/soundbox/board/br28/board_jl701n_wireless_1tN/key_table/iokey_table.o
LOAD obj/Release/apps/soundbox/board/br28/board_jl701n_wireless_1tN/key_table/irkey_table.o
LOAD obj/Release/apps/soundbox/board/br28/board_jl701n_wireless_1tN/key_table/rdec_key_table.o
LOAD obj/Release/apps/soundbox/board/br28/board_jl701n_wireless_1tN/key_table/touch_key_table.o
LOAD obj/Release/apps/soundbox/board/br28/board_jl701n_wireless_2t1_duplex/board_jl701n_wireless_2t1_duplex.o
LOAD obj/Release/apps/soundbox/board/br28/board_jl701n_wireless_2t1_duplex/key_table/adkey_table.o
LOAD obj/Release/apps/soundbox/board/br28/board_jl701n_wireless_2t1_duplex/key_table/iokey_table.o
LOAD obj/Release/apps/soundbox/board/br28/board_jl701n_wireless_2t1_duplex/key_table/irkey_table.o
LOAD obj/Release/apps/soundbox/board/br28/board_jl701n_wireless_2t1_duplex/key_table/rdec_key_table.o
LOAD obj/Release/apps/soundbox/board/br28/board_jl701n_wireless_2t1_duplex/key_table/touch_key_table.o
LOAD obj/Release/apps/soundbox/broadcast/app_broadcast.o
LOAD obj/Release/apps/soundbox/broadcast/broadcast.o
LOAD obj/Release/apps/soundbox/common/dev_status.o
LOAD obj/Release/apps/soundbox/common/init.o
LOAD obj/Release/apps/soundbox/common/task_table.o
LOAD obj/Release/apps/soundbox/common/tone_table.o
LOAD obj/Release/apps/soundbox/common/user_cfg_new.o
LOAD obj/Release/apps/soundbox/connected/app_connected.o
LOAD obj/Release/apps/soundbox/connected/connected.o
LOAD obj/Release/apps/soundbox/connected/connected_sync_call.o
LOAD obj/Release/apps/soundbox/font/fontinit.o
LOAD obj/Release/apps/soundbox/kws_voice_event_deal.o
LOAD obj/Release/apps/soundbox/log_config/app_config.o
LOAD obj/Release/apps/soundbox/log_config/lib_btctrler_config.o
LOAD obj/Release/apps/soundbox/log_config/lib_btstack_config.o
LOAD obj/Release/apps/soundbox/log_config/lib_driver_config.o
LOAD obj/Release/apps/soundbox/log_config/lib_media_config.o
LOAD obj/Release/apps/soundbox/log_config/lib_system_config.o
LOAD obj/Release/apps/soundbox/log_config/lib_update_config.o
LOAD obj/Release/apps/soundbox/power_manage/app_charge.o
LOAD obj/Release/apps/soundbox/power_manage/app_chargestore.o
LOAD obj/Release/apps/soundbox/power_manage/app_power_manage.o
LOAD obj/Release/apps/soundbox/sdk_version.z.o
LOAD obj/Release/apps/soundbox/soundcard/lamp.o
LOAD obj/Release/apps/soundbox/soundcard/notice.o
LOAD obj/Release/apps/soundbox/soundcard/peripheral.o
LOAD obj/Release/apps/soundbox/soundcard/soundcard.o
LOAD obj/Release/apps/soundbox/task_manager/app_common.o
LOAD obj/Release/apps/soundbox/task_manager/app_task_switch.o
LOAD obj/Release/apps/soundbox/task_manager/bt/bt.o
LOAD obj/Release/apps/soundbox/task_manager/bt/bt_ble.o
LOAD obj/Release/apps/soundbox/task_manager/bt/bt_emitter.o
LOAD obj/Release/apps/soundbox/task_manager/bt/bt_event_fun.o
LOAD obj/Release/apps/soundbox/task_manager/bt/bt_key_fun.o
LOAD obj/Release/apps/soundbox/task_manager/bt/bt_product_test.o
LOAD obj/Release/apps/soundbox/task_manager/bt/bt_switch_fun.o
LOAD obj/Release/apps/soundbox/task_manager/bt/bt_tws.o
LOAD obj/Release/apps/soundbox/task_manager/bt/bt_tws_new.o
LOAD obj/Release/apps/soundbox/task_manager/bt/bt_vartual_fast_connect.o
LOAD obj/Release/apps/soundbox/task_manager/bt/vol_sync.o
LOAD obj/Release/apps/soundbox/task_manager/fm/fm.o
LOAD obj/Release/apps/soundbox/task_manager/fm/fm_api.o
LOAD obj/Release/apps/soundbox/task_manager/fm/fm_rw.o
LOAD obj/Release/apps/soundbox/task_manager/idle/idle.o
LOAD obj/Release/apps/soundbox/task_manager/linein/linein.o
LOAD obj/Release/apps/soundbox/task_manager/linein/linein_api.o
LOAD obj/Release/apps/soundbox/task_manager/linein/linein_dev.o
LOAD obj/Release/apps/soundbox/task_manager/live_sound/live_iis.o
LOAD obj/Release/apps/soundbox/task_manager/live_sound/live_iis_task.o
LOAD obj/Release/apps/soundbox/task_manager/live_sound/live_mic.o
LOAD obj/Release/apps/soundbox/task_manager/live_sound/live_mic_task.o
LOAD obj/Release/apps/soundbox/task_manager/music/music.o
LOAD obj/Release/apps/soundbox/task_manager/pc/pc.o
LOAD obj/Release/apps/soundbox/task_manager/power_off/power_off.o
LOAD obj/Release/apps/soundbox/task_manager/power_on/power_on.o
LOAD obj/Release/apps/soundbox/task_manager/record/record.o
LOAD obj/Release/apps/soundbox/task_manager/rtc/alarm_api.o
LOAD obj/Release/apps/soundbox/task_manager/rtc/alarm_user.o
LOAD obj/Release/apps/soundbox/task_manager/rtc/rtc.o
LOAD obj/Release/apps/soundbox/task_manager/rtc/virtual_rtc.o
LOAD obj/Release/apps/soundbox/task_manager/sleep/sleep.o
LOAD obj/Release/apps/soundbox/task_manager/spdif/hdmi_cec_drv.o
LOAD obj/Release/apps/soundbox/task_manager/spdif/spdif.o
LOAD obj/Release/apps/soundbox/task_manager/task_key.o
LOAD obj/Release/apps/soundbox/task_manager/unisound/unisound_ais100.o
LOAD obj/Release/apps/soundbox/task_manager/unisound/unisound_mic.o
LOAD obj/Release/apps/soundbox/third_party_profile/ancs_client_demo/ancs_client_demo.o
LOAD obj/Release/apps/soundbox/third_party_profile/app_protocol_deal.o
LOAD obj/Release/apps/soundbox/third_party_profile/trans_data_demo/trans_data_demo.o
LOAD obj/Release/apps/soundbox/ui/color_led/color_led_app.o
LOAD obj/Release/apps/soundbox/ui/color_led/color_led_table.o
LOAD obj/Release/apps/soundbox/ui/color_led/driver/color_led.o
LOAD obj/Release/apps/soundbox/ui/color_led/driver/color_led_driver.o
LOAD obj/Release/apps/soundbox/ui/lcd/lyrics_api.o
LOAD obj/Release/apps/soundbox/ui/lcd/STYLE_02/bt_action.o
LOAD obj/Release/apps/soundbox/ui/lcd/STYLE_02/clock_action.o
LOAD obj/Release/apps/soundbox/ui/lcd/STYLE_02/file_brower.o
LOAD obj/Release/apps/soundbox/ui/lcd/STYLE_02/fm_action.o
LOAD obj/Release/apps/soundbox/ui/lcd/STYLE_02/linein_action.o
LOAD obj/Release/apps/soundbox/ui/lcd/STYLE_02/music_action.o
LOAD obj/Release/apps/soundbox/ui/lcd/STYLE_02/pc_action.o
LOAD obj/Release/apps/soundbox/ui/lcd/STYLE_02/record_action.o
LOAD obj/Release/apps/soundbox/ui/lcd/STYLE_02/system_action.o
LOAD obj/Release/apps/soundbox/ui/lcd/ui_sys_param_api.o
LOAD obj/Release/apps/soundbox/ui/lcd_simple/my_demo.o
LOAD obj/Release/apps/soundbox/ui/led7/ui_bt.o
LOAD obj/Release/apps/soundbox/ui/led7/ui_common.o
LOAD obj/Release/apps/soundbox/ui/led7/ui_fm.o
LOAD obj/Release/apps/soundbox/ui/led7/ui_fm_emitter.o
LOAD obj/Release/apps/soundbox/ui/led7/ui_idle.o
LOAD obj/Release/apps/soundbox/ui/led7/ui_linein.o
LOAD obj/Release/apps/soundbox/ui/led7/ui_music.o
LOAD obj/Release/apps/soundbox/ui/led7/ui_pc.o
LOAD obj/Release/apps/soundbox/ui/led7/ui_record.o
LOAD obj/Release/apps/soundbox/ui/led7/ui_rtc.o
LOAD obj/Release/apps/soundbox/ui/led/pwm_led_api.o
LOAD obj/Release/apps/soundbox/ui/led/pwm_led_para_table.o
LOAD obj/Release/apps/soundbox/user_api/app_pwmled_api.o
LOAD obj/Release/apps/soundbox/user_api/app_record_api.o
LOAD obj/Release/apps/soundbox/user_api/app_special_play_api.o
LOAD obj/Release/apps/soundbox/user_api/app_status_api.o
LOAD obj/Release/apps/soundbox/user_api/dev_multiplex_api.o
LOAD obj/Release/apps/soundbox/user_api/product_info_api.o
LOAD obj/Release/apps/soundbox/version.o
LOAD obj/Release/apps/soundbox/wireless/audio/audio_mode.o
LOAD obj/Release/apps/soundbox/wireless/ble/big.o
LOAD obj/Release/apps/soundbox/wireless/ble/cig.o
LOAD obj/Release/apps/soundbox/wireless/parameters/big_params.o
LOAD obj/Release/apps/soundbox/wireless/parameters/cig_params.o
LOAD obj/Release/apps/soundbox/wireless/test/wireless_trans_auto_test.o
LOAD obj/Release/apps/soundbox/wireless_2t1_duplex/wireless_2t1_duplex_api.o
LOAD obj/Release/cpu/br28/adc_api.o
LOAD obj/Release/cpu/br28/aec_tool.o
LOAD obj/Release/cpu/br28/audio_codec_clock.o
LOAD obj/Release/cpu/br28/audio_common/app_audio.o
LOAD obj/Release/cpu/br28/audio_common/sound_device_driver.o
LOAD obj/Release/cpu/br28/audio_common/sound_iis_capture.o
LOAD obj/Release/cpu/br28/audio_common/sound_pcm_demo.o
LOAD obj/Release/cpu/br28/audio_dec/audio_dec.o
LOAD obj/Release/cpu/br28/audio_dec/audio_dec_bt.o
LOAD obj/Release/cpu/br28/audio_dec/audio_dec_file.o
LOAD obj/Release/cpu/br28/audio_dec/audio_dec_fm.o
LOAD obj/Release/cpu/br28/audio_dec/audio_dec_iis.o
LOAD obj/Release/cpu/br28/audio_dec/audio_dec_linein.o
LOAD obj/Release/cpu/br28/audio_dec/audio_dec_mic.o
LOAD obj/Release/cpu/br28/audio_dec/audio_dec_midi_ctrl.o
LOAD obj/Release/cpu/br28/audio_dec/audio_dec_midi_file.o
LOAD obj/Release/cpu/br28/audio_dec/audio_dec_pc.o
LOAD obj/Release/cpu/br28/audio_dec/audio_dec_record.o
LOAD obj/Release/cpu/br28/audio_dec/audio_dec_spdif.o
LOAD obj/Release/cpu/br28/audio_dec/audio_dec_tone.o
LOAD obj/Release/cpu/br28/audio_dec/audio_spectrum.o
LOAD obj/Release/cpu/br28/audio_dec/audio_usb_mic.o
LOAD obj/Release/cpu/br28/audio_dec/audio_usb_mix_mic.o
LOAD obj/Release/cpu/br28/audio_dec/lfwordana_enc_api.o
LOAD obj/Release/cpu/br28/audio_dec/live_stream_player.o
LOAD obj/Release/cpu/br28/audio_dec/tone_player.o
LOAD obj/Release/cpu/br28/audio_dec/tws_tone_player.o
LOAD obj/Release/cpu/br28/audio_demo/audio_adc_demo.o
LOAD obj/Release/cpu/br28/audio_demo/audio_dac_demo.o
LOAD obj/Release/cpu/br28/audio_demo/audio_fft_demo.o
LOAD obj/Release/cpu/br28/audio_demo/audio_matrix_demo.o
LOAD obj/Release/cpu/br28/audio_demo/audio_multiple_mic_rec_demo.o
LOAD obj/Release/cpu/br28/audio_demo/audio_spectrum_demo.o
LOAD obj/Release/cpu/br28/audio_effect/audio_autotune_demo.o
LOAD obj/Release/cpu/br28/audio_effect/audio_ch_swap_demo.o
LOAD obj/Release/cpu/br28/audio_effect/audio_dynamic_eq_demo.o
LOAD obj/Release/cpu/br28/audio_effect/audio_eff_default_parm.o
LOAD obj/Release/cpu/br28/audio_effect/audio_eq_drc_demo.o
LOAD obj/Release/cpu/br28/audio_effect/audio_gain_process_demo.o
LOAD obj/Release/cpu/br28/audio_effect/audio_noise_gate_demo.o
LOAD obj/Release/cpu/br28/audio_effect/audio_sound_track_2_p_x.o
LOAD obj/Release/cpu/br28/audio_effect/audio_surround_demo.o
LOAD obj/Release/cpu/br28/audio_effect/audio_vbass_demo.o
LOAD obj/Release/cpu/br28/audio_effect/audio_voice_changer_demo.o
LOAD obj/Release/cpu/br28/audio_effect/effects_adj.o
LOAD obj/Release/cpu/br28/audio_effect/eq_config.o
LOAD obj/Release/cpu/br28/audio_enc/audio_adc_demo.o
LOAD obj/Release/cpu/br28/audio_enc/audio_enc.o
LOAD obj/Release/cpu/br28/audio_enc/audio_enc_file.o
LOAD obj/Release/cpu/br28/audio_enc/audio_enc_recoder.o
LOAD obj/Release/cpu/br28/audio_enc/audio_mic_codec.o
LOAD obj/Release/cpu/br28/audio_enc/audio_recorder_mix.o
LOAD obj/Release/cpu/br28/audio_enc/audio_sbc_codec.o
LOAD obj/Release/cpu/br28/audio_general.o
LOAD obj/Release/cpu/br28/audio_link.o
LOAD obj/Release/cpu/br28/audio_mic/effect_linein.o
LOAD obj/Release/cpu/br28/audio_mic/effect_parm.o
LOAD obj/Release/cpu/br28/audio_mic/effect_reg.o
LOAD obj/Release/cpu/br28/audio_mic/loud_speaker.o
LOAD obj/Release/cpu/br28/audio_mic/mic_effect.o
LOAD obj/Release/cpu/br28/audio_mic/mic_stream.o
LOAD obj/Release/cpu/br28/audio_mic/mic_stream_demo.o
LOAD obj/Release/cpu/br28/audio_mic/simpleAGC.o
LOAD obj/Release/cpu/br28/audio_mic/wireless_mic_effect.o
LOAD obj/Release/cpu/br28/audio_mic_capless.o
LOAD obj/Release/cpu/br28/audio_online_dut/mic_dut_process.o
LOAD obj/Release/cpu/br28/audio_sound_dac.o
LOAD obj/Release/cpu/br28/audio_way/audio_app_stream.o
LOAD obj/Release/cpu/br28/audio_way/audio_bt_emitter/audio_bt_emitter.o
LOAD obj/Release/cpu/br28/audio_way/audio_bt_emitter/audio_bt_emitter_controller.o
LOAD obj/Release/cpu/br28/audio_way/audio_bt_emitter/audio_bt_emitter_dma.o
LOAD obj/Release/cpu/br28/audio_way/audio_bt_emitter/audio_bt_emitter_hw.o
LOAD obj/Release/cpu/br28/audio_way/audio_way.o
LOAD obj/Release/cpu/br28/audio_way/audio_way_bt_emitter.o
LOAD obj/Release/cpu/br28/audio_way/audio_way_dac.o
LOAD obj/Release/cpu/br28/charge.o
LOAD obj/Release/cpu/br28/chargestore.o
LOAD obj/Release/cpu/br28/clock_manager.o
LOAD obj/Release/cpu/br28/hw_fft.o
LOAD obj/Release/cpu/br28/iic_hw.o
LOAD obj/Release/cpu/br28/iic_soft.o
LOAD obj/Release/cpu/br28/irflt.o
LOAD obj/Release/cpu/br28/lp_touch_key.o
LOAD obj/Release/cpu/br28/lp_touch_key_tool.o
LOAD obj/Release/cpu/br28/lua_port_api.o
LOAD obj/Release/cpu/br28/mcpwm.o
LOAD obj/Release/cpu/br28/overlay_code.o
LOAD obj/Release/cpu/br28/plcnt.o
LOAD obj/Release/cpu/br28/power/power_app.o
LOAD obj/Release/cpu/br28/power/power_check.o
LOAD obj/Release/cpu/br28/power/power_port.o
LOAD obj/Release/cpu/br28/power/power_trim.o
LOAD obj/Release/cpu/br28/psram.o
LOAD obj/Release/cpu/br28/pwm_led.o
LOAD obj/Release/cpu/br28/rdec.o
LOAD obj/Release/cpu/br28/setup.o
LOAD obj/Release/cpu/br28/smart_voice/aispeech_asr.o
LOAD obj/Release/cpu/br28/smart_voice/jl_kws_platform.o
LOAD obj/Release/cpu/br28/smart_voice/kws_event.o
LOAD obj/Release/cpu/br28/smart_voice/nn_vad.o
LOAD obj/Release/cpu/br28/smart_voice/smart_voice_config.o
LOAD obj/Release/cpu/br28/smart_voice/smart_voice_core.o
LOAD obj/Release/cpu/br28/smart_voice/user_asr.o
LOAD obj/Release/cpu/br28/smart_voice/vad_clock_trim.o
LOAD obj/Release/cpu/br28/smart_voice/vad_mic.o
LOAD obj/Release/cpu/br28/smart_voice/voice_mic_data.o
LOAD obj/Release/cpu/br28/sound_iis.o
LOAD obj/Release/cpu/br28/spi.o
LOAD obj/Release/cpu/br28/uart_dev.o
LOAD obj/Release/cpu/br28/ui_driver/lcd_seg/lcd_seg3x9_driver.o
LOAD obj/Release/cpu/br28/ui_driver/led7/led7_driver.o
LOAD obj/Release/cpu/br28/ui_driver/led7_timer.o
LOAD obj/Release/cpu/br28/ui_driver/LED_1888/LED1888.o
LOAD obj/Release/cpu/br28/ui_driver/ui_common.o
LOAD obj/Release/cpu/br28/umidigi_chargestore.o
START GROUP
LOAD cpu/br28/liba/cpu.a
LOAD cpu/br28/liba/system.a
LOAD cpu/br28/liba/btstack.a
LOAD cpu/br28/liba/rcsp_stack.a
LOAD cpu/br28/liba/tme_stack.a
LOAD cpu/br28/liba/btctrler.a
LOAD cpu/br28/liba/aec.a
LOAD cpu/br28/liba/lib_dns.a
LOAD cpu/br28/liba/libjlsp.a
LOAD cpu/br28/liba/media.a
LOAD cpu/br28/liba/libepmotion.a
LOAD cpu/br28/liba/libAptFilt_pi32v2_OnChip.a
LOAD cpu/br28/liba/libEchoSuppress_pi32v2_OnChip.a
LOAD cpu/br28/liba/libNoiseSuppress_pi32v2_OnChip.a
LOAD cpu/br28/liba/libSplittingFilter_pi32v2_OnChip.a
LOAD cpu/br28/liba/libSMS_TDE_pi32v2_OnChip.a
LOAD cpu/br28/liba/libDelayEstimate_pi32v2_OnChip.a
LOAD cpu/br28/liba/libDualMicSystem_pi32v2_OnChip.a
LOAD cpu/br28/liba/libDualMicSystem_flexible_pi32v2_OnChip.a
LOAD cpu/br28/liba/libAdaptiveEchoSuppress_pi32v2_OnChip.a
LOAD cpu/br28/liba/libOpcore_maskrom_pi32v2_OnChip.a
LOAD cpu/br28/liba/lib_resample_cal.a
LOAD cpu/br28/liba/lib_resample_fast_cal.a
LOAD cpu/br28/liba/lib_esco_repair.a
LOAD cpu/br28/liba/sbc_eng_lib.a
LOAD cpu/br28/liba/mp3_dec_lib.a
LOAD cpu/br28/liba/mp3tsy_dec_lib.a
LOAD cpu/br28/liba/m4a_tws_lib.a
LOAD cpu/br28/liba/wav_dec_lib.a
LOAD cpu/br28/liba/wma_dec_lib.a
LOAD cpu/br28/liba/flac_dec_lib.a
LOAD cpu/br28/liba/ape_dec_lib.a
LOAD cpu/br28/liba/dts_dec_lib.a
LOAD cpu/br28/liba/amr_dec_lib.a
LOAD cpu/br28/liba/agreement.a
LOAD cpu/br28/liba/media_app.a
LOAD cpu/br28/liba/jla_dec_lib.a
LOAD cpu/br28/liba/opus_dec_lib.a
LOAD cpu/br28/liba/SpectrumShow.a
LOAD cpu/br28/liba/lib_midi_dec.a
LOAD cpu/br28/liba/bt_hash_enc.a
LOAD cpu/br28/liba/lib_word_ana.a
LOAD cpu/br28/liba/drc.a
LOAD cpu/br28/liba/DynamicEQ.a
LOAD cpu/br28/liba/lib_voiceChager.a
LOAD cpu/br28/liba/VirtualBass.a
LOAD cpu/br28/liba/lib_sur_cal.a
LOAD cpu/br28/liba/loudness.a
LOAD cpu/br28/liba/howling.a
LOAD cpu/br28/liba/noisegate.a
LOAD cpu/br28/liba/lib_howlings_phf.a
LOAD cpu/br28/liba/crossover_coff.a
LOAD cpu/br28/liba/lib_reverb_cal.a
LOAD cpu/br28/liba/lib_platereverb_adv.a
LOAD cpu/br28/liba/lib_pitch_speed.a
LOAD cpu/br28/liba/lfaudio_plc_lib.a
LOAD cpu/br28/liba/libllns.a
LOAD cpu/br28/liba/dueros_stack.a
LOAD cpu/br28/liba/libkwscommon.a
LOAD cpu/br28/liba/libjlsp_kws.a
LOAD cpu/br28/liba/libjlsp_kws_far_keyword.a
LOAD cpu/br28/liba/libFFT_pi32v2_OnChip.a
LOAD cpu/br28/liba/wtg_dec_lib.a
LOAD cpu/br28/liba/bfilterfun_lib.a
LOAD cpu/br28/liba/crypto_toolbox_Osize.a
LOAD cpu/br28/liba/unisound/libaik.a
LOAD cpu/br28/liba/unisound/libkws.a
LOAD cpu/br28/liba/unisound/libssp.a
LOAD cpu/br28/liba/unisound/libssp_1mic.a
LOAD cpu/br28/liba/unisound/libssp_2mic_aec.a
LOAD cpu/br28/liba/unisound/libssp_2mic_mlp_aec.a
LOAD cpu/br28/liba/unisound/libual-osal.a
LOAD cpu/br28/liba/unisound/libumd.a
LOAD cpu/br28/liba/mp3_enc_lib.a
LOAD cpu/br28/liba/lib_mp2_code.a
LOAD cpu/br28/liba/lib_adpcm_code.a
LOAD cpu/br28/liba/lib_adpcm_ima_code.a
LOAD cpu/br28/liba/speex_enc_lib.a
LOAD cpu/br28/liba/amr_enc_lib.a
LOAD cpu/br28/liba/jla_codec_lib.a
LOAD cpu/br28/liba/opus_enc_lib.a
LOAD cpu/br28/liba/update.a
LOAD cpu/br28/liba/ui_dot.a
LOAD cpu/br28/liba/ui_cpu.a
LOAD cpu/br28/liba/ui_draw.a
LOAD cpu/br28/liba/font.a
LOAD cpu/br28/liba/res.a
END GROUP
                0x0001fd6c                lp_signature_set = 0x1fd6c
                0x0001fd70                memmem = 0x1fd70
                0x0001fd74                memcpy = 0x1fd74
                0x0001fd78                memmove = 0x1fd78
                0x0001fd7c                memcmp = 0x1fd7c
                0x0001fd80                memset = 0x1fd80
                0x0001fd84                strcmp = 0x1fd84
                0x0001fd88                strcpy = 0x1fd88
                0x0001fd8c                strlen = 0x1fd8c
                0x0001fd90                strncmp = 0x1fd90
                0x0001fd94                strstr = 0x1fd94
                0x0001fd98                strchr = 0x1fd98
                0x0001fd9c                __divdi3 = 0x1fd9c
                0x0001fda0                __udivmoddi4 = 0x1fda0
                0x0001fda4                __adddf3 = 0x1fda4
                0x0001fda8                __fixdfsi = 0x1fda8
                0x0001fdac                flush_dcache = 0x1fdac
                0x0001fdb0                flushinv_dcache = 0x1fdb0
                0x0001fdb4                IcuWaitIdle = 0x1fdb4
                0x0001fdb8                DcuWaitIdle = 0x1fdb8
                0x0001fdbc                IcuInitial = 0x1fdbc
                0x0001fdc0                DcuInitial = 0x1fdc0
                0x0001fdcc                sfc_drop_cache = 0x1fdcc
                0x0001fdd0                chip_crc16 = 0x1fdd0
                0x0001fdd4                CrcDecode = 0x1fdd4
                0x0001fdd8                get_flash_file_key = 0x1fdd8
                0x0001fddc                dec_isd_cfg_ini = 0x1fddc
                0x0001fde0                _jlfs_mount = 0x1fde0
                0x0001fde4                sfc_boot = 0x1fde4
                0x0001fde8                mask_init = 0x1fde8
                0x0001fdf0                nvram_set_boot_state = 0x1fdf0
                0x0001fdf4                chip_reset = 0x1fdf4
                0x0001fdf8                the_debug_isr = 0x1fdf8
                0x0001fdfc                rom_print = 0x1fdfc
                0x0001fe00                rom_sprintf = 0x1fe00
                0x0001fe0c                doe = 0x1fe0c
                0x0001fe10                spi_get_port = 0x1fe10
                0x0001fe14                _pll_init = 0x1fe14
                0x0001fe18                flash_poweron = 0x1fe18
                0x0001fe1c                spi_unmount = 0x1fe1c
                0x0001fe20                spi_port_io_init = 0x1fe20
                0x0001fe24                usb_slave_mode = 0x1fe24
                0x0001fe28                LZ4_setStreamDecode = 0x1fe28
                0x0001fe2c                LZ4_decompress_safe_continue = 0x1fe2c
                0x0001fe30                LZ4_decompress_generic = 0x1fe30
                0x0001fe34                _sdk_mkey_lock = 0x1fe34
                0x0001fe38                g_hash_function = 0x1fe38
                0x0001fe3c                f1_hash_function = 0x1fe3c
                0x0001fe40                f2_hash_function = 0x1fe40
                0x0001fe44                f3_hash_function = 0x1fe44
                0x0001fe48                h2_hash_function = 0x1fe48
                0x0001fe4c                h3_hash_function = 0x1fe4c
                0x0001fe50                h4_hash_function = 0x1fe50
                0x0001fe54                h5_hash_function = 0x1fe54
                0x0001fe58                g_function = 0x1fe58
                0x0001fe5c                f1_function = 0x1fe5c
                0x0001fe60                f2_function = 0x1fe60
                0x0001fe64                f3_function = 0x1fe64
                0x0001fe68                sha256Compute = 0x1fe68
                0x0001fe6c                uECC_compute_public_key = 0x1fe6c
                0x0001fe70                uECC_shared_secret = 0x1fe70
                0x0001fe74                bi_initialize = 0x1fe74
                0x0001fe78                bi_read_from_byte = 0x1fe78
                0x0001fe7c                bi_poly_mod2 = 0x1fe7c
                0x0001fe80                bi_poly_mul = 0x1fe80
                0x0001fe84                trim = 0x1fe84
                0x0001fe88                bi_wirte_to_byte = 0x1fe88
                0x0001fe8c                bi_free = 0x1fe8c
                0x0001fe90                bi_terminate = 0x1fe90
                0x0001fe94                get_cvsd_codec_ops = 0x1fe94
                0x00018590                wtgv2_silk_NLSF_CB_NB_MB = 0x18590
                0x0001848c                wtgv2_LSFCosTab_FIX_Q12 = 0x1848c
                0x00018a88                icdf_global_table = 0x18a88
                0x0001fe98                get_wtgv2dec_ops = 0x1fe98
                0x0001fe9c                wtgv2_silk_Decode = 0x1fe9c
                0x0001fea0                wtgv2_silk_decode_frame = 0x1fea0
                0x0001fea4                wtgv2_silk_decoder_set_fs = 0x1fea4
                0x0001fea8                wtgv2_silk_decode_indices = 0x1fea8
                0x0001feac                wtgv2_silk_decode_pulses = 0x1feac
                0x0001feb0                wtgv2_silk_decode_parameters = 0x1feb0
                0x0001feb4                wtgv2_silk_decode_core = 0x1feb4
                0x0001feb8                logAprx_CORDIC_float = 0x1feb8
                0x0001febc                expAprx_CORDIC_float = 0x1febc
                0x0001fec0                magnAprx_float = 0x1fec0
                0x0001fec4                MatrixCopy_float_c_c = 0x1fec4
                0x0001fec8                MatrixCopy_float_f_f = 0x1fec8
                0x0001fecc                MatrixEwMulAndSumOneDim_float_c_c_c_s0 = 0x1fecc
                0x0001fed0                MatrixEwMulAndSumOneDim_float_c_c_c_s1 = 0x1fed0
                0x0001fed4                MatrixEwMulAndSumOneDim_float_f_f_f_s0 = 0x1fed4
                0x0001fed8                MatrixEwMulAndSumOneDim_float_f_f_f_s1 = 0x1fed8
                0x0001fedc                MatrixEwConjMulAndSumOneDim_float_c_c_c_s0 = 0x1fedc
                0x0001fee0                MatrixEwConjMulAndSumOneDim_float_c_c_c_s1 = 0x1fee0
                0x0001fee4                VecMeanSq_s16_f32 = 0x1fee4
                0x0001fee8                VecOverShift_s16_f32 = 0x1fee8
                0x0001feec                VecMinus_s16_f32_f32 = 0x1feec
                0x0001fef0                VectorCopy_f32_s16 = 0x1fef0
                0x0001fef4                VecEleMul_s16_s16_f32 = 0x1fef4
                0x0001fef8                VecEleMul_f32_s16_f32 = 0x1fef8
                0x0001fefc                VecMeanSq_float_f_f = 0x1fefc
                0x0001ff00                VectorSet_float_f_f = 0x1ff00
                0x0001ff04                VecMagRecAve_float_c_f_f = 0x1ff04
                0x0001ff08                VecMulScalar_float_c_f_c = 0x1ff08
                0x0001ff0c                VecConjEleMul_float_c_c_c = 0x1ff0c
                0x0001ff10                VecPlus_float_f_f_f = 0x1ff10
                0x0001ff14                VecDivide_float_c_f_c_f = 0x1ff14
                0x0001ff18                VecPlus_float_c_c_c = 0x1ff18
                0x0001ff1c                VecConjMulRecAve_float_c_c_c_f = 0x1ff1c
                0x0001ff20                VecGetMag_float_c_f = 0x1ff20
                0x0001ff24                VecMax_float_f_f = 0x1ff24
                0x0001ff28                VecRecAve_float_f_f_f = 0x1ff28
                0x0001ff2c                VecEleMul_float_f_f_f = 0x1ff2c
                0x0001ff30                VecMagAndDiv_float_c_f_f_f = 0x1ff30
                0x0001ff34                VecMin_float_f_f = 0x1ff34
                0x0001ff38                VecMinus_float_f_f_f = 0x1ff38
                0x0001ff3c                VecMean_float_f_f = 0x1ff3c
                0x0001ff40                VecEleMul_float_c_f_c = 0x1ff40
                0x0001ff44                VecMeanSqu_float_c_f = 0x1ff44
                0x0001ff48                VecCopy_float_f_f = 0x1ff48
                0x0001ff4c                VecMin_float_f_f_f = 0x1ff4c
                0x0001ff50                VecDivide_float_f_f_f_f = 0x1ff50
                0x0001ff54                VecCompBT_float_f_f_f = 0x1ff54
                0x0001ff58                VecCondCopy_float_f_f_f = 0x1ff58
                0x0001ff5c                VecMulScalar_float_f_f_f = 0x1ff5c
                0x0001ff60                VecPlusScalar_float_f_f_f = 0x1ff60
                0x0001ff64                VecMinScalar_float_f_f_f = 0x1ff64
                0x0001ff68                VecOpposite_float_f_f = 0x1ff68
                0x0001ff6c                VecEleMla_float_f_f_f = 0x1ff6c
                0x0001ff70                VecEleMla_float_c_c_c = 0x1ff70
                0x0001ff74                VecMinus_float_c_c_c = 0x1ff74
                0x0001ff78                VecDotProduct_float_f_f_f = 0x1ff78
                0x0001ff7c                VecDotProduct_float_c_c_c = 0x1ff7c
                0x0001ff80                VecDotProduct_float_c_f_c = 0x1ff80
                0x0001ff84                VecCopy_float_c_c = 0x1ff84
                0x0001ff88                VecCopy_float_f_c = 0x1ff88
                0x0001ff8c                VecConjDotProduct_float_c_c_c = 0x1ff8c
                0x0001ff90                VecNormalize_float_c_c_f = 0x1ff90
                0x0001ff94                VecRecAve_float_c_c_f = 0x1ff94
                0x0001ff98                VecOverlapShift_float_f_f_i = 0x1ff98
                0x0001ff9c                VecMax_float_f_f_f = 0x1ff9c
                0x0001ffa0                VecConjEwMulAndDiv_float_c_c_f_f_c = 0x1ffa0
                0x0001ffa4                VecPlusMulScalar_float_c_c_f_c = 0x1ffa4
                0x0001ffa8                VecCondCopy_float_c_i_c = 0x1ffa8
                0x0001ffac                VecEleMulAndDiv_float_f_f_f_f_f = 0x1ffac
                0x0001ffb0                VectorSet_float_f_c = 0x1ffb0
                0x0001ffb4                VecDivScalar_float_f_f_f = 0x1ffb4
                0x0001ffb8                VecDivScalar_float_c_f_c = 0x1ffb8
                0x0001ffbc                VecPlusScalar_float_c_f_c = 0x1ffbc
                0x0001ffc0                VecMinScalar_float_c_f_c = 0x1ffc0
                0x00019000                mdct_tab_256 = 0x19000
                0x00019200                mdct_tab_2048 = 0x19200
                0x0001a200                sine_long_1024 = 0x1a200
                0x0001b200                sine_short_128 = 0x1b200
                0x0001b400                kbd_long_1024 = 0x1b400
                0x0001c400                kbd_short_128 = 0x1c400
                0x0001c634                Huffmancb_SCL = 0x1c634
                0x0001c844                num_swb_960_window = 0x1c844
                0x0001c850                num_swb_1024_window = 0x1c850
                0x0001c85c                num_swb_128_window = 0x1c85c
                0x0001c868                swb_offset_1024_96 = 0x1c868
                0x0001c8bc                swb_offset_128_96 = 0x1c8bc
                0x0001c8d6                swb_offset_1024_64 = 0x1c8d6
                0x0001c936                swb_offset_128_64 = 0x1c936
                0x0001c950                swb_offset_1024_48 = 0x1c950
                0x0001c9b4                swb_offset_128_48 = 0x1c9b4
                0x0001c9d2                swb_offset_1024_32 = 0x1c9d2
                0x0001ca3a                swb_offset_1024_24 = 0x1ca3a
                0x0001ca9a                swb_offset_128_24 = 0x1ca9a
                0x0001caba                swb_offset_1024_16 = 0x1caba
                0x0001cb12                swb_offset_128_16 = 0x1cb12
                0x0001cb32                swb_offset_1024_8 = 0x1cb32
                0x0001cb84                swb_offset_128_8 = 0x1cb84
                0x0001cba4                swb_offset_1024_window = 0x1cba4
                0x0001cbd4                swb_offset_128_window = 0x1cbd4
                0x0001cc04                iq_table = 0x1cc04
                0x0001d008                tns_coef_0_3 = 0x1d008
                0x0001d048                tns_coef_0_4 = 0x1d048
                0x0001d088                tns_coef_1_3 = 0x1d088
                0x0001d0c8                tns_coef_1_4 = 0x1d0c8
                0x0001d108                pow05_table = 0x1d108
                0x0001d124                sample_rates = 0x1d124
                0x0001d154                pred_sfb_max = 0x1d154
                0x0001d160                tns_sbf_max = 0x1d160
                0x0001d1a0                Huffmancb_1 = 0x1d1a0
                0x0001d338                Huffmancb_2 = 0x1d338
                0x0001d470                Huffmancb_3 = 0x1d470
                0x0001d5a8                Huffmancb_4 = 0x1d5a8
                0x0001d6d8                Huffmancb_5 = 0x1d6d8
                0x0001d820                Huffmancb_6 = 0x1d820
                0x0001d960                Huffmancb_7 = 0x1d960
                0x0001da58                Huffmancb_8 = 0x1da58
                0x0001db50                Huffmancb_9 = 0x1db50
                0x0001ddf0                Huffmancb_10 = 0x1ddf0
                0x0001e080                Huffmancb_11 = 0x1e080
                0x0001e540                AACcodeBookDTable = 0x1e540
                0x0001c83c                AAC_SFHUFF_TAB = 0x1c83c
                0x0001ffc4                get_aac_ops = 0x1ffc4
                0x0001e5b8                silk_NLSF_CB_WB = 0x1e5b8
                0x0001ea5c                silk_LTP_vq_ptrs_Q7 = 0x1ea5c
                0x0001ffc8                get_opus_enc_ops = 0x1ffc8
                0x0001ffcc                opus_encode = 0x1ffcc
                0x0001ffd0                silk_Encode = 0x1ffd0
                0x0001ffd4                silk_encode_do_VAD_FIX = 0x1ffd4
                0x0001ffd8                silk_encode_frame_FIX = 0x1ffd8
                0x0001ffdc                silk_find_pitch_lags_FIX = 0x1ffdc
                0x0001ffe0                silk_noise_shape_analysis_FIX = 0x1ffe0
                0x0001ffe4                silk_find_pred_coefs_FIX = 0x1ffe4
                0x0001ffe8                silk_process_gains_FIX = 0x1ffe8
                0x0001ffec                silk_prefilter_FIX = 0x1ffec
                0x0001fff0                silk_NSQ_del_dec_c = 0x1fff0
                0x0001fff4                silk_encode_indices = 0x1fff4
                0x0001fff8                silk_encode_pulses = 0x1fff8
                0x0001fffc                silk_ana_filt_bank_1 = 0x1fffc
                0x00003804                STFT_Win_FixHalf_M512_D160 = 0x3804
                0x00003c04                STFT_Win_FixHalf_M256_D160 = 0x3c04
                0x00003e04                STFT_Win_FixHalf_M256_D80 = 0x3e04
                0x00004004                STFT_Win_FixHalf_M128_D80 = 0x4004
                0x00000004                WOLAAnalysisFilter_Float_M64_m4_r1 = 0x4
                0x00000404                WOLASynthesisFilter_Float_M64_m4_r1 = 0x404
                0x00000804                WOLAAnalysisFilter_Float_M128_m4_r1 = 0x804
                0x00001004                WOLASynthesisFilter_Float_M128_m4_r1 = 0x1004
                0x00001804                WOLAAnalysisFilter_Float_M256_m4_r1 = 0x1804
                0x00002804                WOLASynthesisFilter_Float_M256_m4_r1 = 0x2804
                0x00009914                quantize_intervals_LF = 0x9914
                0x00009a18                invert_quantize_dither_factors_LF = 0x9a18
                0x00009b1c                quantize_dither_factors_LF = 0x9b1c
                0x00009c20                quantize_factor_select_offset_LF = 0x9c20
                0x00009ca4                hd_quantize_intervals_LF = 0x9ca4
                0x0019fc28                boot_arg_list = 0x19fc28
                0x0019fe00                _IRQ_MEM_ADDR = 0x19fe00
                0x0019fc00                _MASK_MEM_BEGIN = 0x19fc00
                0x000001a4                _MASK_MEM_SIZE = 0x1a4
                0x00000080                UPDATA_SIZE = 0x80
                0x0019fb80                UPDATA_BEG = (_MASK_MEM_BEGIN - UPDATA_SIZE)
                0x001a0000                UPDATA_BREDR_BASE_BEG = 0x1a0000
                0x00100000                RAM_LIMIT_L = 0x100000
                0x0019fb80                RAM_LIMIT_H = UPDATA_BEG
                0x0009fb80                PHY_RAM_SIZE = (RAM_LIMIT_H - RAM_LIMIT_L)
                0x0019fe00                ISR_BASE = _IRQ_MEM_ADDR
                0x000001a4                ROM_RAM_SIZE = _MASK_MEM_SIZE
                0x0019fc00                ROM_RAM_BEG = _MASK_MEM_BEGIN
                0x00100000                RAM0_BEG = (RAM_LIMIT_L + 0x0)
                0x0019fb80                RAM0_END = RAM_LIMIT_H
                0x0009fb80                RAM0_SIZE = (RAM0_END - RAM0_BEG)
                0x00100000                RAM1_BEG = RAM_LIMIT_L
                0x00100000                RAM1_END = RAM0_BEG
                0x00000000                RAM1_SIZE = (RAM1_END - RAM1_BEG)
                0x06000100                CODE_BEG = 0x6000100
                0x06000100                . = ORIGIN (code0)

.text           0x06000100    0xb86b0
                [!provide]                PROVIDE (text_rodata_begin, .)
 *(.startup.text)
 .startup.text  0x06000100       0x8e cpu/br28/liba/cpu.a(startup.S.o)
                0x06000100                _start
 *(.text)
 .text          0x0600018e    0x15110 cpu\br28\tools\sdk.elf.o
                0x06002e96                update_result_get
                0x06003440                __errno
                0x0600375a                main
                0x06012aa6                hw_fft_run
 .text          0x0601529e      0xadc cpu/br28/liba/jla_codec_lib.a(jla_codec_api.o)
                0x0601529e                jla_enc_open
                0x06015324                jla_dec_open
                0x060153a4                jla_output_data
                0x060153de                jla_plc_run
                0x06015610                jla_plc_run_b24
                0x0601595e                get_jla_enc_ops
                0x06015d72                get_jla_dec_ops
 .text          0x06015d7a      0x5a0 cpu/br28/liba/jla_codec_lib.a(setup_dec_jla.o)
                0x06015d7a                alloc_decoder
                0x06015e76                set_dec_frame_params
                0x060161ba                FillDecSetup
                0x06016288                update_dec_bitrate
 .text          0x0601631a      0x5a8 cpu/br28/liba/jla_codec_lib.a(setup_enc_jla.o)
                0x0601631a                alloc_encoder
                0x06016394                set_enc_frame_params
                0x06016688                FillEncSetup
                0x06016752                update_enc_bitrate
 .text          0x060168c2      0x41a cpu/br28/liba/jla_codec_lib.a(cc_coder.o)
                0x060168c2                vitdec_st3
                0x06016ae8                cc_crc8
                0x06016b38                cc_coder_dec
                0x06016bf8                cc_coder_enc
 .text          0x06016cdc      0x3a4 cpu/br28/liba/jla_codec_lib.a(jla.o)
                0x06016cdc                jla_version
                0x06016ce4                jla_channels_supported
                0x06016cf2                jla_samplerate_supported
                0x06016d26                balloc
                0x06016d3c                jla_enc_init
                0x06016d74                jla_enc_get_size
                0x06016d96                jla_enc_get_scratch_size
                0x06016db0                jla_enc_get_input_samples
                0x06016dbc                jla_enc_get_num_bytes
                0x06016dc8                jla_enc_get_real_bitrate
                0x06016e30                jla_enc_set_bitrate
                0x06016e48                jla_enc_get_delay
                0x06016e5c                jla_enc_set_ep_mode
                0x06016eaa                jla_enc_set_frame_ms
                0x06016ee4                jla_enc_set_bandwidth
                0x06016f38                jla_enc16
                0x06016f66                jla_dec_init
                0x06016f98                jla_dec_get_size
                0x06016fbc                jla_dec_get_scratch_size
                0x06016fe2                jla_dec_set_ep_enabled
                0x06016ffc                jla_dec_get_ep_mode_request
                0x06017008                jla_dec_set_frame_ms
                0x0601703c                jla_dec_get_output_samples
                0x06017048                jla_dec_get_delay
                0x0601705c                jla_dec16
 .text          0x06017080      0xd34 cpu/br28/liba/jla_codec_lib.a(jla_self.o)
                0x060177f2                Enc_JLA_self
                0x06017cb4                Dec_JLA_self
 .text          0x06017db4      0x1b0 cpu/br28/liba/jla_codec_lib.a(mdct_fx.o)
                0x06017db4                processMdct_fx
 .text          0x06017f64       0x7e cpu/br28/liba/jla_codec_lib.a(mdct_shaping_fx.o)
                0x06017f64                processMdctShaping_fx
                0x06017faa                processScfScaling
 .text          0x06017fe2      0x31c cpu/br28/liba/jla_codec_lib.a(noise_factor_fx.o)
                0x06017fe2                processNoiseFactor_fx
 .text          0x060182fe      0x162 cpu/br28/liba/jla_codec_lib.a(noise_filling_fx.o)
                0x060182fe                processNoiseFilling_fx
 .text          0x06018460      0x356 cpu/br28/liba/jla_codec_lib.a(per_band_energy_fx.o)
                0x06018460                processPerBandEnergy_fx
 .text          0x060187b6      0x982 cpu/br28/liba/jla_codec_lib.a(quantize_spec_fx.o)
                0x060187b6                processQuantizeSpec_fx
 .text          0x06019138       0x6e cpu/br28/liba/jla_codec_lib.a(residual_coding_fx.o)
                0x06019138                processResidualCoding_fx
 .text          0x060191a6       0x72 cpu/br28/liba/jla_codec_lib.a(residual_decoding_fx.o)
                0x060191a6                processResidualDecoding_fx
 .text          0x06019218      0x304 cpu/br28/liba/jla_codec_lib.a(sns_compute_scf_fx.o)
                0x06019218                processSnsComputeScf_fx
 .text          0x0601951c      0x166 cpu/br28/liba/jla_codec_lib.a(sns_interpolate_scf_fx.o)
                0x0601951c                processSnsInterpolateScf_fx
 .text          0x06019682      0x656 cpu/br28/liba/jla_codec_lib.a(sns_quantize_scf_fx.o)
                0x06019b74                processSnsQuantizeScfEncoder_fx
                0x06019bf0                processSnsQuantizeScfDecoder_fx
 .text          0x06019cd8      0x664 cpu/br28/liba/jla_codec_lib.a(tns_coder_fx.o)
                0x06019cd8                Norm32Norm
                0x06019d72                div_s_t
                0x06019d84                processTnsCoder_fx
 .text          0x0601a33c      0x256 cpu/br28/liba/jla_codec_lib.a(tns_decoder_fx.o)
                0x0601a33c                processTnsDecoder_fx
 .text          0x0601a592      0x128 cpu/br28/liba/jla_codec_lib.a(adjust_global_gain_fx.o)
                0x0601a592                processAdjustGlobalGain_fx
 .text          0x0601a6ba       0x60 cpu/br28/liba/jla_codec_lib.a(apply_global_gain_fx.o)
                0x0601a6ba                processApplyGlobalGain_fx
 .text          0x0601a71a     0x2b68 cpu/br28/liba/jla_codec_lib.a(ari_codec.o)
                0x0601a71a                processAriEncoder_fx
                0x0601bf1e                processAriDecoder_fx
                0x0601d106                read_bit
                0x0601d136                processAriDecoderScaling_fx
                0x0601d1a0                find_last_nz_pair
                0x0601d23e                write_indice_backward
 .text          0x0601d282      0x850 cpu/br28/liba/jla_codec_lib.a(basop_util.o)
                0x0601d282                BASOP_Util_Log2
                0x0601d388                BASOP_Util_InvLog2
                0x0601d448                Sqrt16
                0x0601d4c4                ISqrt16
                0x0601d534                Inv16
                0x0601d5b4                getScaleFactor16
                0x0601d600                getScaleFactor16_0
                0x0601d64a                getScaleFactor32
                0x0601d68c                getScaleFactor32_0
                0x0601d6cc                BASOP_Util_Divide3216_Scale
                0x0601d75e                BASOP_Util_Divide1616_Scale
                0x0601d7f4                Scale_sig
                0x0601d82e                Copy_Scale_sig
                0x0601d884                BASOP_Util_Add_Mant32Exp
                0x0601d90a                BASOP_Util_Cmp_Mant32Exp
                0x0601d9c0                Isqrt
                0x0601da38                BASOP_Util_Log2_16
                0x0601da9c                BASOP_Util_InvLog2_16
 .text          0x0601dad2       0x42 cpu/br28/liba/jla_codec_lib.a(cutoff_bandwidth.o)
                0x0601dad2                process_cutoff_bandwidth
 .text          0x0601db14      0x6d2 cpu/br28/liba/jla_codec_lib.a(dct2_fx.o)
                0x0601db14                dct16_fx
                0x0601de32                idct16_fx
 .text          0x0601e1e6       0xe0 cpu/br28/liba/jla_codec_lib.a(dct4_fx.o)
                0x0601e1e6                dct_IV
 .text          0x0601e2c6      0x478 cpu/br28/liba/jla_codec_lib.a(dec_entropy.o)
                0x0601e2f6                processDecoderEntropy_fx
                0x0601e5f2                paddingDec_fx
 .text          0x0601e73e      0x13c cpu/br28/liba/jla_codec_lib.a(detect_cutoff_warped_fx.o)
                0x0601e73e                processDetectCutoffWarped_fx
 .text          0x0601e87a      0x2bc cpu/br28/liba/jla_codec_lib.a(enc_entropy.o)
                0x0601e87a                processEncoderEntropy
 .text          0x0601eb36      0x2f8 cpu/br28/liba/jla_codec_lib.a(estimate_global_gain_fx.o)
                0x0601eb36                processEstimateGlobalGain_fx
 .text          0x0601ee2e      0x15c cpu/br28/liba/jla_codec_lib.a(ff_new.o)
                0x0601ee2e                jla_hw_fft
                0x0601ee6a                BASOP_cfft_new
 .text          0x0601ef8a    0x10a72 cpu/br28/liba/jla_codec_lib.a(fft.o)
                0x06021522                BASOP_cfft
 .text          0x0602f9fc      0x234 cpu/br28/liba/jla_codec_lib.a(imdct_fx.o)
                0x0602f9fc                ProcessingIMDCT
 .text          0x0602fc30      0x356 cpu/br28/liba/jla_codec_lib.a(levinson_fx.o)
                0x0602fc30                processLevinson_fx
                0x0602fe8a                lpc2rc
 .text          0x0602ff86      0x16a cpu/br28/liba/jla_codec_lib.a(pvq_dec_fx.o)
                0x0602ff86                pvq_dec_deidx_fx
                0x0602ffe4                pvq_dec_scale_vec_fx
                0x06030056                pvq_dec_en1_normQ14_fx
 .text          0x060300f0      0x74e cpu/br28/liba/jla_codec_lib.a(pvq_enc_fx.o)
                0x0603019e                pvq_enc_search_fx
 .text          0x0603083e      0x2ea cpu/br28/liba/jla_codec_lib.a(pvq_index_fx.o)
                0x0603083e                get_size_mpvq_calc_offset_fx
                0x060308c2                mpvq_deindex_fx
                0x06030990                mpvq_index_fx
 .text          0x06030b28      0x11e cpu/br28/liba/jla_codec_lib.a(rom_basop_util.o)
                0x06030b28                get_twid_Tables
 .text          0x06030c46      0x11e C:\JL\pi32\pi32v2-lib\r3-large\libm.a(lib_a-s_ceil.o)
                0x06030c46                ceil
 .text          0x06030d64       0x96 C:\JL\pi32\pi32v2-lib\r3-large\libm.a(lib_a-s_modf.o)
                0x06030d64                modf
 .text          0x06030dfa       0x2c C:\JL\pi32\pi32v2-lib\r3-large\libc.a(lib_a-strcat.o)
                0x06030dfa                strcat
 .text          0x06030e26       0x28 C:\JL\pi32\pi32v2-lib\r3-large\libc.a(lib_a-strrchr.o)
                0x06030e26                strrchr
 .text          0x06030e4e      0x1b8 C:\JL\pi32\pi32v2-lib\r3-large\libcompiler-rt.a(comparedf2.o)
                0x06030e4e                __ledf2
                0x06030e4e                __cmpdf2
                0x06030efe                __gedf2
                0x06030fa6                __unorddf2
                0x06030fe6                __eqdf2
                0x06030fee                __ltdf2
                0x06030ff6                __nedf2
                0x06030ffe                __gtdf2
 .text          0x06031006      0x346 C:\JL\pi32\pi32v2-lib\r3-large\libcompiler-rt.a(divdf3.o)
                0x0603103c                __divdf3
 .text          0x0603134c       0x4c C:\JL\pi32\pi32v2-lib\r3-large\libcompiler-rt.a(floatsidf.o)
                0x0603134c                __floatsidf
 .text          0x06031398      0x2fa C:\JL\pi32\pi32v2-lib\r3-large\libcompiler-rt.a(muldf3.o)
                0x060313ce                __muldf3
 .text          0x06031692        0xc C:\JL\pi32\pi32v2-lib\r3-large\libcompiler-rt.a(subdf3.o)
                0x06031692                __subdf3
 .text          0x0603169e       0x7a C:\JL\pi32\pi32v2-lib\r3-large\libcompiler-rt.a(extendsfdf2.o)
                0x0603169e                __extendsfdf2
 .text          0x06031718       0x34 C:\JL\pi32\pi32v2-lib\r3-large\libcompiler-rt.a(floatunsidf.o)
                0x06031718                __floatunsidf
 .text          0x0603174c      0x146 C:\JL\pi32\pi32v2-lib\r3-large\libcompiler-rt.a(truncdfsf2.o)
                0x0603174c                __truncdfsf2
 .text          0x06031892       0x12 C:\JL\pi32\pi32v2-lib\r3-large\libcompiler-rt.a(udivdi3.o)
                0x06031892                __udivdi3
                0x060318a4                . = ALIGN (0x4)
                0x060318a4                update_target_begin = .
                [!provide]                PROVIDE (update_target_begin, .)
 *(.update_target)
 .update_target
                0x060318a4       0x20 cpu\br28\tools\sdk.elf.o
                0x060318a4                audio_update_target
                0x060318ac                iis_update_target
                0x060318b4                vad_update_target
                0x060318bc                power_update_target
                0x060318c4                update_target_end = .
                [!provide]                PROVIDE (update_target_end, .)
                0x060318c4                . = ALIGN (0x4)
 *(.LOG_TAG_CONST*)
 *(.rodata*)
 .rodata.str2.2
                0x060318c4       0x40 cpu\br28\tools\sdk.elf.o
 .rodata.str1.1
                0x06031904     0x235d cpu\br28\tools\sdk.elf.o
                               0x2398 (size before relaxing)
 *fill*         0x06033c61        0xf 
 .rodata.str1.16
                0x06033c70      0xa90 cpu\br28\tools\sdk.elf.o
                                0xa86 (size before relaxing)
 .rodata        0x06034700     0xf000 cpu\br28\tools\sdk.elf.o
                0x060349b8                JLA_PLC_EN
                0x060349bc                JLA_HW_FFT
                0x060349c0                JLA_INT24bit_INOUT
                0x060349c4                JLA_DMS_VAL
                0x060349c8                JLA_DMS_FSINDEX
                0x060349cc                JLA_QUALTIY_CONFIG
 .rodata.cst16  0x06043700       0x20 cpu\br28\tools\sdk.elf.o
 .rodata.cst4   0x06043720        0x8 cpu\br28\tools\sdk.elf.o
 .rodata.cst32  0x06043728       0x20 cpu\br28\tools\sdk.elf.o
 .rodata        0x06043748       0x4c cpu/br28/liba/jla_codec_lib.a(jla_codec_api.o)
                0x06043748                srtab
                0x06043760                dmstab
                0x0604376c                jla_encoder_ops
                0x06043780                jla_decoder_ops
 *fill*         0x06043794        0x4 
 .rodata        0x06043798     0x35a2 cpu/br28/liba/jla_codec_lib.a(setup_dec_jla.o)
 *fill*         0x06046d3a        0x6 
 .rodata        0x06046d40     0x35a8 cpu/br28/liba/jla_codec_lib.a(setup_enc_jla.o)
 .rodata        0x0604a2e8      0x120 cpu/br28/liba/jla_codec_lib.a(cc_coder.o)
                0x0604a2e8                iv0
                0x0604a2f8                iv1
 .rodata        0x0604a408       0x12 cpu/br28/liba/jla_codec_lib.a(jla_self.o)
                0x0604a408                LP_MODE_FUNC_ENABLE
 *fill*         0x0604a41a        0x6 
 .rodata        0x0604a420        0xa cpu/br28/liba/jla_codec_lib.a(noise_factor_fx.o)
 *fill*         0x0604a42a        0x6 
 .rodata        0x0604a430       0x1a cpu/br28/liba/jla_codec_lib.a(noise_filling_fx.o)
 *fill*         0x0604a44a        0x6 
 .rodata        0x0604a450      0x150 cpu/br28/liba/jla_codec_lib.a(per_band_energy_fx.o)
 .rodata.str2.8
                0x0604a5a0       0x10 cpu/br28/liba/jla_codec_lib.a(per_band_energy_fx.o)
                                  0xa (size before relaxing)
 .rodata        0x0604a5b0      0x534 cpu/br28/liba/jla_codec_lib.a(sns_compute_scf_fx.o)
 *fill*         0x0604aae4        0x4 
 .rodata.cst16  0x0604aae8       0x10 cpu/br28/liba/jla_codec_lib.a(sns_quantize_scf_fx.o)
 .rodata        0x0604aaf8       0x38 cpu/br28/liba/jla_codec_lib.a(sns_quantize_scf_fx.o)
 .rodata        0x0604ab30        0xa cpu/br28/liba/jla_codec_lib.a(tns_coder_fx.o)
 *fill*         0x0604ab3a        0x6 
 .rodata        0x0604ab40        0xa cpu/br28/liba/jla_codec_lib.a(tns_decoder_fx.o)
 *fill*         0x0604ab4a        0x6 
 .rodata        0x0604ab50       0x32 cpu/br28/liba/jla_codec_lib.a(adjust_global_gain_fx.o)
 *fill*         0x0604ab82        0x2 
 .rodata        0x0604ab84      0x788 cpu/br28/liba/jla_codec_lib.a(basop_util.o)
 .rodata.cst32  0x0604b30c       0x20 cpu/br28/liba/jla_codec_lib.a(basop_util.o)
 *fill*         0x0604b32c        0x4 
 .rodata        0x0604b330     0x3420 cpu/br28/liba/jla_codec_lib.a(constants.o)
                0x0604b330                tnsAcfWindow
                0x0604b350                tnsQuantPts
                0x0604b378                tnsQuantThr
                0x0604b398                ac_tns_order_bits
                0x0604b3b8                ac_tns_order_freq
                0x0604b3d8                ac_tns_order_cumfreq
                0x0604b3f8                ac_tns_coef_bits
                0x0604b508                ac_tns_coef_freq
                0x0604b618                ac_tns_coef_cumfreq
                0x0604b728                tns_subdiv_startfreq_8k
                0x0604b738                tns_subdiv_stopfreq_8k
                0x0604b748                tns_subdiv_startfreq_16k
                0x0604b758                tns_subdiv_stopfreq_16k
                0x0604b768                tns_subdiv_startfreq_24k
                0x0604b778                tns_subdiv_stopfreq_24k
                0x0604b788                tns_subdiv_startfreq_32k
                0x0604b798                tns_subdiv_stopfreq_32k
                0x0604b7a8                tns_subdiv_startfreq_48k
                0x0604b7b8                tns_subdiv_stopfreq_48k
                0x0604b7c8                tns_subdiv_startfreq
                0x0604b7e0                tns_subdiv_stopfreq
                0x0604b7f8                tns_subdiv_startfreq_8k_7_5ms
                0x0604b808                tns_subdiv_stopfreq_8k_7_5ms
                0x0604b818                tns_subdiv_startfreq_16k_7_5ms
                0x0604b828                tns_subdiv_stopfreq_16k_7_5ms
                0x0604b838                tns_subdiv_startfreq_24k_7_5ms
                0x0604b848                tns_subdiv_stopfreq_24k_7_5ms
                0x0604b858                tns_subdiv_startfreq_32k_7_5ms
                0x0604b868                tns_subdiv_stopfreq_32k_7_5ms
                0x0604b878                tns_subdiv_startfreq_48k_7_5ms
                0x0604b888                tns_subdiv_stopfreq_48k_7_5ms
                0x0604b898                tns_subdiv_startfreq_7_5ms
                0x0604b8b0                tns_subdiv_stopfreq_7_5ms
                0x0604b8c8                tns_subdiv_startfreq_8k_5ms
                0x0604b8d0                tns_subdiv_stopfreq_8k_5ms
                0x0604b8d8                tns_subdiv_startfreq_16k_5ms
                0x0604b8e0                tns_subdiv_stopfreq_16k_5ms
                0x0604b8e8                tns_subdiv_startfreq_24k_5ms
                0x0604b8f0                tns_subdiv_stopfreq_24k_5ms
                0x0604b8f8                tns_subdiv_startfreq_32k_5ms
                0x0604b900                tns_subdiv_stopfreq_32k_5ms
                0x0604b908                tns_subdiv_startfreq_48k_5ms
                0x0604b910                tns_subdiv_stopfreq_48k_5ms
                0x0604b918                tns_subdiv_startfreq_5ms
                0x0604b930                tns_subdiv_stopfreq_5ms
                0x0604b948                tns_subdiv_startfreq_8k_2_5ms
                0x0604b950                tns_subdiv_stopfreq_8k_2_5ms
                0x0604b958                tns_subdiv_startfreq_16k_2_5ms
                0x0604b960                tns_subdiv_stopfreq_16k_2_5ms
                0x0604b968                tns_subdiv_startfreq_24k_2_5ms
                0x0604b970                tns_subdiv_stopfreq_24k_2_5ms
                0x0604b978                tns_subdiv_startfreq_32k_2_5ms
                0x0604b980                tns_subdiv_stopfreq_32k_2_5ms
                0x0604b988                tns_subdiv_startfreq_48k_2_5ms
                0x0604b990                tns_subdiv_stopfreq_48k_2_5ms
                0x0604b998                tns_subdiv_startfreq_2_5ms
                0x0604b9b0                tns_subdiv_stopfreq_2_5ms
                0x0604b9c8                Tab_esc_nb
                0x0604b9d0                ari_spec_lookup
                0x0604c9d0                ari_spec_cumfreq
                0x0604d250                ari_spec_freq
                0x0604dad0                ari_spec_bits
                0x0604e350                st1SCF0_7_base5_32x8_Q14
                0x0604e550                st1SCF8_15_base5_32x8_Q14
 .rodata.cst8   0x0604e750        0x8 cpu/br28/liba/jla_codec_lib.a(dec_entropy.o)
 .rodata        0x0604e758      0x1c0 cpu/br28/liba/jla_codec_lib.a(detect_cutoff_warped_fx.o)
 .rodata.cst16  0x0604e918       0x10 cpu/br28/liba/jla_codec_lib.a(detect_cutoff_warped_fx.o)
 .rodata.cst8   0x0604e928       0x10 cpu/br28/liba/jla_codec_lib.a(detect_cutoff_warped_fx.o)
 .rodata        0x0604e938        0xa cpu/br28/liba/jla_codec_lib.a(enc_entropy.o)
 *fill*         0x0604e942        0x6 
 .rodata.cst8   0x0604e948        0x8 cpu/br28/liba/jla_codec_lib.a(enc_entropy.o)
                                 0x10 (size before relaxing)
 .rodata        0x0604e950       0xc4 cpu/br28/liba/jla_codec_lib.a(ff_new.o)
 .rodata        0x0604ea14     0x13a0 cpu/br28/liba/jla_codec_lib.a(fft.o)
 *fill*         0x0604fdb4        0x4 
 .rodata        0x0604fdb8       0x82 cpu/br28/liba/jla_codec_lib.a(pvq_dec_fx.o)
 *fill*         0x0604fe3a        0x6 
 .rodata        0x0604fe40      0x118 cpu/br28/liba/jla_codec_lib.a(pvq_index_fx.o)
 .rodata        0x0604ff58     0x1018 cpu/br28/liba/jla_codec_lib.a(rom_basop_util.o)
                0x06050f70                . = ALIGN (0x4)
                [!provide]                PROVIDE (text_rodata_end, .)
                0x06050f70                clock_critical_handler_begin = .
 *(.clock_critical_txt)
 .clock_critical_txt
                0x06050f70       0x38 cpu\br28\tools\sdk.elf.o
                0x06050f70                clock_ci
                0x06050f78                clock_mcpwm
                0x06050f80                clock_uart
                0x06050f88                clock_timer
                0x06050f90                clock_lrc
                0x06050f98                clock_sdx
                0x06050fa0                clock_port
                0x06050fa8                clock_critical_handler_end = .
                0x06050fa8                chargestore_handler_begin = .
 *(.chargestore_callback_txt)
                0x06050fa8                chargestore_handler_end = .
 *(.opcore_table_maskrom)
 *(.bfilt_table_maskroom)
 *(.opcore_maskrom)
 *(.bfilt_code)
 .bfilt_code    0x06050fa8      0x358 cpu\br28\tools\sdk.elf.o
 *(.bfilt_const)
                0x06051300                . = ALIGN (0x4)
                0x06051300                __VERSION_BEGIN = .
 *(.sys.version)
 .sys.version   0x06051300       0x25 obj/Release/apps/soundbox/sdk_version.z.o
 .sys.version   0x06051325       0x1f cpu/br28/liba/btstack.a(version.z.o)
                0x06051325                lib_btstack_version
 .sys.version   0x06051344       0x20 cpu/br28/liba/btctrler.a(version.z.o)
                0x06051344                lib_btctler_version
 .sys.version   0x06051364       0x1d cpu/br28/liba/media.a(version.z.o)
                0x06051364                lib_media_version
 .sys.version   0x06051381       0x1e cpu/br28/liba/update.a(version.z.o)
                0x06051381                lib_update_version
                0x0605139f                __VERSION_END = .
 *(.noop_version)
                0x060513a0                . = ALIGN (0x4)
 *fill*         0x0605139f        0x1 
                0x060513a0                . = ALIGN (0x4)
                0x060513a0                tool_interface_begin = .
 *(.tool_interface)
 .tool_interface
                0x060513a0        0x8 cpu\br28\tools\sdk.elf.o
                0x060513a8                tool_interface_end = .
                0x060513a8                . = ALIGN (0x4)
                0x060513a8                cmd_interface_begin = .
 *(.eff_cmd)
 .eff_cmd       0x060513a8      0x250 cpu\br28\tools\sdk.elf.o
                0x060513a8                an_Eq
                0x060513b8                aw_Eq
                0x060513c8                change_mode
                0x060513d8                echo
                0x060513e8                file_p
                0x060513f8                file_s
                0x06051408                howling_ps
                0x06051418                inquire
                0x06051428                m_cross
                0x06051438                m_whole_drc
                0x06051448                mh_drc
                0x06051458                micDrc0
                0x06051468                micDrc1
                0x06051478                micDrc2
                0x06051488                micDrc3
                0x06051498                micDrc4
                0x060514a8                micEq0
                0x060514b8                micEq1
                0x060514c8                micEq2
                0x060514d8                micEq3
                0x060514e8                micEq4
                0x060514f8                mic_g
                0x06051508                mic_mix_gain
                0x06051518                mic_tunning_eq_p
                0x06051528                mic_voice_changer
                0x06051538                ml_drc
                0x06051548                mm_drc
                0x06051558                music_eq
                0x06051568                noisegate
                0x06051578                notch_howling
                0x06051588                p_reverb
                0x06051598                ph_Eq
                0x060515a8                pn_Eq
                0x060515b8                resync_begin
                0x060515c8                resync_end
                0x060515d8                tunning_eq_p
                0x060515e8                version
                0x060515f8                cmd_interface_end = .
                0x060515f8                . = ALIGN (0x4)
                0x06051600                . = ALIGN (0x20)
 *fill*         0x060515f8        0x8 
                0x06051600                m_code_addr = .
 *(.m.code*)
 *(.movable.code*)
                0x00000000                m_code_size = ABSOLUTE ((. - m_code_addr))
                0x06051600                . = ALIGN (0x20)
                0x06051600                gsensor_dev_begin = .
 *(.gsensor_dev)
                0x06051600                gsensor_dev_end = .
                0x06051600                fm_dev_begin = .
 *(.fm_dev)
 .fm_dev        0x06051600       0x28 cpu\br28\tools\sdk.elf.o
                0x06051628                fm_dev_end = .
                0x06051628                fm_emitter_dev_begin = .
 *(.fm_emitter_dev)
                0x06051628                fm_emitter_dev_end = .
                0x06051628                storage_device_begin = .
 *(.storage_device)
                0x06051628                storage_device_end = .
                0x06051628                wireless_dev_ops_begin = .
 *(.wireless_dev)
 .wireless_dev  0x06051628       0x30 cpu\br28\tools\sdk.elf.o
                0x06051628                cig_central_op
                0x06051640                cig_perip_op
                0x06051658                wireless_dev_ops_end = .
                0x06051658                connected_sync_channel_begin = .
 *(.connected_call_sync)
 .connected_call_sync
                0x06051658       0x24 cpu\br28\tools\sdk.elf.o
                0x06051658                connected_event_sync
                0x06051664                connected_data_transmit
                0x06051670                connected_key_sync
                0x0605167c                connected_sync_channel_end = .
                0x0605167c                conn_sync_call_func_begin = .
 *(.connected_sync_call_func)
                0x0605167c                conn_sync_call_func_end = .
                0x0605167c                conn_data_trans_stub_begin = .
 *(.conn_data_trans_stub)
 .conn_data_trans_stub
                0x0605167c       0x24 cpu\br28\tools\sdk.elf.o
                0x060516a0                conn_data_trans_stub_end = .
 *(.usr_timer_const)
 *(.usr_timer_code)
 *(.timer_const)
 *(.timer_code)
 *(.cbuf_const)
 *(.cbuf_code)
 *(.fm_data_code)
 *(.fm_data_const)
                0x060516a0                . = ALIGN (0x4)
                0x060516a0                . = ALIGN (0x4)
 *(.usb.text)
 .usb.text      0x060516a0        0x4 cpu\br28\tools\sdk.elf.o
 *(.usb.text.const)
 .usb.text.const
                0x060516a4        0x4 cpu\br28\tools\sdk.elf.o
                0x060516a8                . = ALIGN (0x4)
                0x060516a8                broadcast_text_begin = .
 *(.broadcast_text)
 *(.broadcast_const)
 *(.app_broadcast_text)
 *(.app_broadcast_const)
                0x060516a8                broadcast_text_end = .
                0x060516c0                . = ALIGN (0x20)
 *fill*         0x060516a8       0x18 
                0x060516c0                update_code_start = .
 *(.bt_updata_ram_code)
 .bt_updata_ram_code
                0x060516c0       0xaa cpu\br28\tools\sdk.elf.o
 *(.update_const)
 *fill*         0x0605176a        0x2 
 .update_const  0x0605176c      0x152 cpu\br28\tools\sdk.elf.o
 *(.update_code)
 .update_code   0x060518be     0x1696 cpu\br28\tools\sdk.elf.o
                0x06052f54                update_code_end = .
                0x06052f54                . = ALIGN (0x4)
                0x06052f54                btstack_code_start = .
                0x06052f54                . = ALIGN (0x4)
                0x06052f54                a2dp_source_media_codec_begin = .
 *(.a2dp_source_media_codec)
 .a2dp_source_media_codec
                0x06052f54       0x30 cpu\br28\tools\sdk.elf.o
                0x06052f54                a2dp_source_jla_codec
                0x06052f6c                a2dp_source_sbc_codec
                0x06052f84                a2dp_source_media_codec_end = .
                0x06052f84                a2dp_sink_media_probe_begin = .
 *(.a2dp_sink_media_probe)
                0x06052f84                a2dp_sink_media_probe_end = .
                0x06052f84                a2dp_sink_media_codec_begin = .
 *(.a2dp_sink_media_codec)
 .a2dp_sink_media_codec
                0x06052f84       0x30 cpu\br28\tools\sdk.elf.o
                0x06052f84                a2dp_1sbc_codec_private
                0x06052f9c                a2dp_2aac_sink_codec
                0x06052fb4                a2dp_sink_media_codec_end = .
                0x06052fb4                a2dp_event_handler_begin = .
 *(.a2dp_event_handler)
 .a2dp_event_handler
                0x06052fb4       0x70 cpu\br28\tools\sdk.elf.o
                0x06052fb4                a2dp_sink_event_handler
                0x06052fd0                a2dp_source_event_handler
                0x06052fec                acp_a2dp_event_handler
                0x06053008                acp_a2dp_src_event_handler
                0x06053024                a2dp_event_handler_end = .
                0x06053024                sdp_record_item_begin = .
 *(.sdp_record_item)
 .sdp_record_item
                0x06053024       0x48 cpu\br28\tools\sdk.elf.o
                0x06053024                a2dp_sdp_record_item
                0x06053030                arp_ct_sdp_record_item
                0x0605303c                arp_ta_sdp_record_item
                0x06053048                hfp_sdp_record_item
                0x06053054                hid_sdp_record_item
                0x06053060                pnp_sdp_record_item
                0x0605306c                sdp_record_item_end = .
                0x0605306c                bt_sleep_begin = .
 *(.bt_sleep)
 .bt_sleep      0x0605306c       0x6c cpu\br28\tools\sdk.elf.o
                0x0605306c                bt_suspend_a2dp_resumea2dp_release
                0x06053078                bt_suspend_avctp_resumeavctp_release
                0x06053084                bt_suspend_hfp_resumehfp_release
                0x06053090                bt_suspend_hid_resumehid_release
                0x0605309c                bt_suspend_user_cmd_loop_resumeuser_cmd_loop_release
                0x060530a8                bt_suspend_spp_resumespp_release
                0x060530b4                bt_suspend_spp_up_resumespp_up_release
                0x060530c0                bt_suspend_iap_resumeiap_release
                0x060530cc                bt_suspend_sdp_resumesdp_release
                0x060530d8                bt_sleep_end = .
 *(.bt_stack_const)
 .bt_stack_const
                0x060530d8      0x8e4 cpu\br28\tools\sdk.elf.o
 *(.bt_stack_code)
 .bt_stack_code
                0x060539bc     0xcb56 cpu\br28\tools\sdk.elf.o
 *(.ble_db_const)
 *(.ble_db_code)
 *(.ble_sm_const)
 *(.ble_sm_code)
 *(.ble_att_const)
 *(.ble_att_code)
 .ble_att_code  0x06060512      0x19e cpu\br28\tools\sdk.elf.o
 *(.ble_gatt_const)
 *(.ble_gatt_code)
 .ble_gatt_code
                0x060606b0      0x8aa cpu\br28\tools\sdk.elf.o
                0x06060f5a                BTSTACK_LE_HOST_MESH_CODE_START = .
 *(.ble_mesh_code)
 *(.ble_mesh_tinycrypt_code)
 *(.ble_mesh_const)
 *(.ble_mesh_tinycrypt_const)
                0x00000000                BTSTACK_LE_HOST_MESH_CODE_SIZE = ABSOLUTE ((. - BTSTACK_LE_HOST_MESH_CODE_START))
                0x06060f5a                BTSTACK_LE_AUDIO_BIG_TEXT_START = .
 *(.big_rx_const)
 *(.big_tx_const)
 *(.big_common_const)
 *(.big_rx_code)
 *(.big_tx_code)
 *(.big_common_code)
                0x00000000                BTSTACK_LE_AUDIO_BIG_TEXT_SIZE = ABSOLUTE ((. - BTSTACK_LE_AUDIO_BIG_TEXT_START))